Component: ARM Compiler 5.06 update 6 (build 750) Tool: armlink [4d35ed]

==============================================================================

Section Cross References

    system_stm32f10x.o(i.SetSysClock) refers to system_stm32f10x.o(i.SetSysClockTo72) for SetSysClockTo72
    system_stm32f10x.o(i.SystemCoreClockUpdate) refers to system_stm32f10x.o(.data) for SystemCoreClock
    system_stm32f10x.o(i.SystemInit) refers to system_stm32f10x.o(i.SetSysClock) for SetSysClock
    stm32f10x_adc.o(i.ADC_DeInit) refers to stm32f10x_rcc.o(i.RCC_APB2PeriphResetCmd) for RCC_APB2PeriphResetCmd
    stm32f10x_bkp.o(i.BKP_DeInit) refers to stm32f10x_rcc.o(i.RCC_BackupResetCmd) for RCC_BackupResetCmd
    stm32f10x_can.o(i.CAN_DeInit) refers to stm32f10x_rcc.o(i.RCC_APB1PeriphResetCmd) for RCC_APB1PeriphResetCmd
    stm32f10x_can.o(i.CAN_GetITStatus) refers to stm32f10x_can.o(i.CheckITStatus) for CheckITStatus
    stm32f10x_cec.o(i.CEC_DeInit) refers to stm32f10x_rcc.o(i.RCC_APB1PeriphResetCmd) for RCC_APB1PeriphResetCmd
    stm32f10x_dac.o(i.DAC_DeInit) refers to stm32f10x_rcc.o(i.RCC_APB1PeriphResetCmd) for RCC_APB1PeriphResetCmd
    stm32f10x_flash.o(i.FLASH_EnableWriteProtection) refers to stm32f10x_flash.o(i.FLASH_WaitForLastOperation) for FLASH_WaitForLastOperation
    stm32f10x_flash.o(i.FLASH_EraseAllBank1Pages) refers to stm32f10x_flash.o(i.FLASH_WaitForLastBank1Operation) for FLASH_WaitForLastBank1Operation
    stm32f10x_flash.o(i.FLASH_EraseAllPages) refers to stm32f10x_flash.o(i.FLASH_WaitForLastOperation) for FLASH_WaitForLastOperation
    stm32f10x_flash.o(i.FLASH_EraseOptionBytes) refers to stm32f10x_flash.o(i.FLASH_GetReadOutProtectionStatus) for FLASH_GetReadOutProtectionStatus
    stm32f10x_flash.o(i.FLASH_EraseOptionBytes) refers to stm32f10x_flash.o(i.FLASH_WaitForLastOperation) for FLASH_WaitForLastOperation
    stm32f10x_flash.o(i.FLASH_ErasePage) refers to stm32f10x_flash.o(i.FLASH_WaitForLastOperation) for FLASH_WaitForLastOperation
    stm32f10x_flash.o(i.FLASH_ProgramHalfWord) refers to stm32f10x_flash.o(i.FLASH_WaitForLastOperation) for FLASH_WaitForLastOperation
    stm32f10x_flash.o(i.FLASH_ProgramOptionByteData) refers to stm32f10x_flash.o(i.FLASH_WaitForLastOperation) for FLASH_WaitForLastOperation
    stm32f10x_flash.o(i.FLASH_ProgramWord) refers to stm32f10x_flash.o(i.FLASH_WaitForLastOperation) for FLASH_WaitForLastOperation
    stm32f10x_flash.o(i.FLASH_ReadOutProtection) refers to stm32f10x_flash.o(i.FLASH_WaitForLastOperation) for FLASH_WaitForLastOperation
    stm32f10x_flash.o(i.FLASH_UserOptionByteConfig) refers to stm32f10x_flash.o(i.FLASH_WaitForLastOperation) for FLASH_WaitForLastOperation
    stm32f10x_flash.o(i.FLASH_WaitForLastBank1Operation) refers to stm32f10x_flash.o(i.FLASH_GetBank1Status) for FLASH_GetBank1Status
    stm32f10x_flash.o(i.FLASH_WaitForLastOperation) refers to stm32f10x_flash.o(i.FLASH_GetBank1Status) for FLASH_GetBank1Status
    stm32f10x_gpio.o(i.GPIO_AFIODeInit) refers to stm32f10x_rcc.o(i.RCC_APB2PeriphResetCmd) for RCC_APB2PeriphResetCmd
    stm32f10x_gpio.o(i.GPIO_DeInit) refers to stm32f10x_rcc.o(i.RCC_APB2PeriphResetCmd) for RCC_APB2PeriphResetCmd
    stm32f10x_i2c.o(i.I2C_DeInit) refers to stm32f10x_rcc.o(i.RCC_APB1PeriphResetCmd) for RCC_APB1PeriphResetCmd
    stm32f10x_i2c.o(i.I2C_Init) refers to stm32f10x_rcc.o(i.RCC_GetClocksFreq) for RCC_GetClocksFreq
    stm32f10x_pwr.o(i.PWR_DeInit) refers to stm32f10x_rcc.o(i.RCC_APB1PeriphResetCmd) for RCC_APB1PeriphResetCmd
    stm32f10x_rcc.o(i.RCC_GetClocksFreq) refers to stm32f10x_rcc.o(.data) for APBAHBPrescTable
    stm32f10x_rcc.o(i.RCC_WaitForHSEStartUp) refers to stm32f10x_rcc.o(i.RCC_GetFlagStatus) for RCC_GetFlagStatus
    stm32f10x_rtc.o(i.RTC_SetAlarm) refers to stm32f10x_rtc.o(i.RTC_EnterConfigMode) for RTC_EnterConfigMode
    stm32f10x_rtc.o(i.RTC_SetAlarm) refers to stm32f10x_rtc.o(i.RTC_ExitConfigMode) for RTC_ExitConfigMode
    stm32f10x_rtc.o(i.RTC_SetCounter) refers to stm32f10x_rtc.o(i.RTC_EnterConfigMode) for RTC_EnterConfigMode
    stm32f10x_rtc.o(i.RTC_SetCounter) refers to stm32f10x_rtc.o(i.RTC_ExitConfigMode) for RTC_ExitConfigMode
    stm32f10x_rtc.o(i.RTC_SetPrescaler) refers to stm32f10x_rtc.o(i.RTC_EnterConfigMode) for RTC_EnterConfigMode
    stm32f10x_rtc.o(i.RTC_SetPrescaler) refers to stm32f10x_rtc.o(i.RTC_ExitConfigMode) for RTC_ExitConfigMode
    stm32f10x_spi.o(i.I2S_Init) refers to stm32f10x_rcc.o(i.RCC_GetClocksFreq) for RCC_GetClocksFreq
    stm32f10x_spi.o(i.SPI_I2S_DeInit) refers to stm32f10x_rcc.o(i.RCC_APB2PeriphResetCmd) for RCC_APB2PeriphResetCmd
    stm32f10x_spi.o(i.SPI_I2S_DeInit) refers to stm32f10x_rcc.o(i.RCC_APB1PeriphResetCmd) for RCC_APB1PeriphResetCmd
    stm32f10x_tim.o(i.TIM_DeInit) refers to stm32f10x_rcc.o(i.RCC_APB2PeriphResetCmd) for RCC_APB2PeriphResetCmd
    stm32f10x_tim.o(i.TIM_DeInit) refers to stm32f10x_rcc.o(i.RCC_APB1PeriphResetCmd) for RCC_APB1PeriphResetCmd
[...]
    Removing stm32f10x_usart.o(i.USART_SetGuardTime), (16 bytes).
    Removing stm32f10x_usart.o(i.USART_SetPrescaler), (16 bytes).
    Removing stm32f10x_usart.o(i.USART_SmartCardCmd), (24 bytes).
    Removing stm32f10x_usart.o(i.USART_SmartCardNACKCmd), (24 bytes).
    Removing stm32f10x_usart.o(i.USART_StructInit), (24 bytes).
    Removing stm32f10x_usart.o(i.USART_WakeUpConfig), (18 bytes).
    Removing stm32f10x_wwdg.o(.rev16_text), (4 bytes).
    Removing stm32f10x_wwdg.o(.revsh_text), (4 bytes).
    Removing stm32f10x_wwdg.o(.rrx_text), (6 bytes).
    Removing stm32f10x_wwdg.o(i.WWDG_ClearFlag), (12 bytes).
    Removing stm32f10x_wwdg.o(i.WWDG_DeInit), (22 bytes).
    Removing stm32f10x_wwdg.o(i.WWDG_Enable), (16 bytes).
    Removing stm32f10x_wwdg.o(i.WWDG_EnableIT), (12 bytes).
    Removing stm32f10x_wwdg.o(i.WWDG_GetFlagStatus), (12 bytes).
    Removing stm32f10x_wwdg.o(i.WWDG_SetCounter), (16 bytes).
    Removing stm32f10x_wwdg.o(i.WWDG_SetPrescaler), (24 bytes).
    Removing stm32f10x_wwdg.o(i.WWDG_SetWindowValue), (40 bytes).
    Removing startup_stm32f10x_hd.o(HEAP), (512 bytes).
    Removing main.o(.rev16_text), (4 bytes).
    Removing main.o(.revsh_text), (4 bytes).
    Removing main.o(.rrx_text), (6 bytes).
    Removing main.o(i.cmd_adc_test), (60 bytes).
    Removing main.o(i.cmd_race_cmdMode), (12 bytes).
    Removing main.o(i.cmd_send_pc), (48 bytes).
    Removing main.o(i.cmd_timer_sec), (10 bytes).
    Removing main.o(.constdata), (64 bytes).
    Removing mysys.o(.rev16_text), (4 bytes).
    Removing mysys.o(.revsh_text), (4 bytes).
    Removing mysys.o(.rrx_text), (6 bytes).
    Removing mysys.o(i.SysTick_Init), (96 bytes).
    Removing mysys.o(i.delay_tms), (28 bytes).
    Removing mysys.o(i.delay_tus), (20 bytes).
    Removing mysys.o(i.delay_us), (76 bytes).
    Removing stdio_user.o(.rev16_text), (4 bytes).
    Removing stdio_user.o(.revsh_text), (4 bytes).
    Removing stdio_user.o(.rrx_text), (6 bytes).
    Removing stdio_user.o(i.IsNull), (18 bytes).
    Removing stdio_user.o(i.Load_String), (60 bytes).
    Removing stdio_user.o(i.Read_Data), (12 bytes).
    Removing stdio_user.o(i.char_to_int), (96 bytes).
    Removing stdio_user.o(i.ustrlen), (22 bytes).
    Removing dev_adc.o(.rev16_text), (4 bytes).
    Removing dev_adc.o(.revsh_text), (4 bytes).
    Removing dev_adc.o(.rrx_text), (6 bytes).
    Removing nixie.o(.rev16_text), (4 bytes).
    Removing nixie.o(.revsh_text), (4 bytes).
    Removing nixie.o(.rrx_text), (6 bytes).
    Removing nixie.o(i.display_4_nixie), (130 bytes).
    Removing uart_send.o(.rev16_text), (4 bytes).
    Removing uart_send.o(.revsh_text), (4 bytes).
    Removing uart_send.o(.rrx_text), (6 bytes).
    Removing dev_button.o(.rev16_text), (4 bytes).
    Removing dev_button.o(.revsh_text), (4 bytes).
    Removing dev_button.o(.rrx_text), (6 bytes).
    Removing dev_key.o(.rev16_text), (4 bytes).
    Removing dev_key.o(.revsh_text), (4 bytes).
    Removing dev_key.o(.rrx_text), (6 bytes).
    Removing dev_key.o(i.keys_init), (36 bytes).
    Removing dev_key.o(i.keys_scan), (168 bytes).
    Removing dev_key.o(i.sw_delay_us), (144 bytes).
    Removing dev_led.o(.rev16_text), (4 bytes).
    Removing dev_led.o(.revsh_text), (4 bytes).
    Removing dev_led.o(.rrx_text), (6 bytes).
    Removing dev_led.o(i.led_off), (68 bytes).
    Removing dev_led.o(i.led_on), (68 bytes).
    Removing dev_led.o(i.led_toggle), (88 bytes).
    Removing dev_led.o(i.leds_on), (44 bytes).
    Removing break_service_uart.o(.rev16_text), (4 bytes).
    Removing break_service_uart.o(.revsh_text), (4 bytes).
    Removing break_service_uart.o(.rrx_text), (6 bytes).
    Removing break_service_uart.o(.bss), (44 bytes).
    Removing break_service_timer.o(.rev16_text), (4 bytes).
    Removing break_service_timer.o(.revsh_text), (4 bytes).
    Removing break_service_timer.o(.rrx_text), (6 bytes).
    Removing race_counter.o(.rev16_text), (4 bytes).
    Removing race_counter.o(.revsh_text), (4 bytes).
    Removing race_counter.o(.rrx_text), (6 bytes).
    Removing timer.o(.rev16_text), (4 bytes).
    Removing timer.o(.revsh_text), (4 bytes).
    Removing timer.o(.rrx_text), (6 bytes).
    Removing cmd_adc.o(.rev16_text), (4 bytes).
    Removing cmd_adc.o(.revsh_text), (4 bytes).
    Removing cmd_adc.o(.rrx_text), (6 bytes).
    Removing cmd_adc.o(.bss), (44 bytes).
    Removing translater.o(.rev16_text), (4 bytes).
    Removing translater.o(.revsh_text), (4 bytes).
    Removing translater.o(.rrx_text), (6 bytes).
    Removing translater.o(i.Cmd_Struct_to_String), (152 bytes).
    Removing translater.o(.bss), (44 bytes).
    Removing cmd_timer.o(.rev16_text), (4 bytes).
    Removing cmd_timer.o(.revsh_text), (4 bytes).
    Removing cmd_timer.o(.rrx_text), (6 bytes).
    Removing cmd_timer.o(.bss), (44 bytes).

578 unused section(s) (total 19500 bytes) removed from the image.

==============================================================================

Image Symbol Table

    Local Symbols

    Symbol Name                              Value     Ov Type        Size  Object(Section)

    ../clib/../cmprslib/zerorunl2.c          0x00000000   Number         0  __dczerorl2.o ABSOLUTE
    ../clib/microlib/division.c              0x00000000   Number         0  uidiv.o ABSOLUTE
    ../clib/microlib/division.c              0x00000000   Number         0  uldiv.o ABSOLUTE
    ../clib/microlib/init/entry.s            0x00000000   Number         0  entry8b.o ABSOLUTE
    ../clib/microlib/init/entry.s            0x00000000   Number         0  entry9a.o ABSOLUTE
    ../clib/microlib/init/entry.s            0x00000000   Number         0  entry5.o ABSOLUTE
    ../clib/microlib/init/entry.s            0x00000000   Number         0  entry11b.o ABSOLUTE
    ../clib/microlib/init/entry.s            0x00000000   Number         0  entry9b.o ABSOLUTE
    ../clib/microlib/init/entry.s            0x00000000   Number         0  entry10a.o ABSOLUTE
    ../clib/microlib/init/entry.s            0x00000000   Number         0  entry2.o ABSOLUTE
    ../clib/microlib/init/entry.s            0x00000000   Number         0  entry11a.o ABSOLUTE
    ../clib/microlib/init/entry.s            0x00000000   Number         0  entry10b.o ABSOLUTE
    ../clib/microlib/init/entry.s            0x00000000   Number         0  entry7a.o ABSOLUTE
    ../clib/microlib/init/entry.s            0x00000000   Number         0  entry7b.o ABSOLUTE
    ../clib/microlib/init/entry.s            0x00000000   Number         0  entry8a.o ABSOLUTE
    ../clib/microlib/init/entry.s            0x00000000   Number         0  entry.o ABSOLUTE
    ../clib/microlib/longlong.c              0x00000000   Number         0  llushr.o ABSOLUTE
    ../clib/microlib/longlong.c              0x00000000   Number         0  llshl.o ABSOLUTE
    ../clib/microlib/longlong.c              0x00000000   Number         0  llsshr.o ABSOLUTE
    ../clib/microlib/printf/printf.c         0x00000000   Number         0  printf0.o ABSOLUTE
    ../clib/microlib/printf/printf.c         0x00000000   Number         0  printfb.o ABSOLUTE
    ../clib/microlib/printf/printf.c         0x00000000   Number         0  printfa.o ABSOLUTE
    ../clib/microlib/printf/printf.c         0x00000000   Number         0  printf8.o ABSOLUTE
    ../clib/microlib/printf/printf.c         0x00000000   Number         0  printf2.o ABSOLUTE
    ../clib/microlib/printf/printf.c         0x00000000   Number         0  printf6.o ABSOLUTE
    ../clib/microlib/printf/printf.c         0x00000000   Number         0  printf5.o ABSOLUTE
    ../clib/microlib/printf/printf.c         0x00000000   Number         0  printf4.o ABSOLUTE
    ../clib/microlib/printf/printf.c         0x00000000   Number         0  printf7.o ABSOLUTE
    ../clib/microlib/printf/printf.c         0x00000000   Number         0  printf1.o ABSOLUTE
    ../clib/microlib/printf/printf.c         0x00000000   Number         0  printf3.o ABSOLUTE
    ../clib/microlib/printf/stubs.s          0x00000000   Number         0  stubs.o ABSOLUTE
    ../clib/microlib/stdio/streams.c         0x00000000   Number         0  stdout.o ABSOLUTE
    ../clib/microlib/string/memcpy.c         0x00000000   Number         0  memcpyb.o ABSOLUTE
    ../clib/microlib/string/memcpy.c         0x00000000   Number         0  memcpya.o ABSOLUTE
    ../clib/microlib/stubs.s                 0x00000000   Number         0  iusefp.o ABSOLUTE
    ../fplib/microlib/d2f.c                  0x00000000   Number         0  d2f.o ABSOLUTE
    ../fplib/microlib/f2d.c                  0x00000000   Number         0  f2d.o ABSOLUTE
    ../fplib/microlib/fpadd.c                0x00000000   Number         0  dadd.o ABSOLUTE
    ../fplib/microlib/fpdiv.c                0x00000000   Number         0  ddiv.o ABSOLUTE
    ../fplib/microlib/fpepilogue.c           0x00000000   Number         0  fepilogue.o ABSOLUTE
    ../fplib/microlib/fpepilogue.c           0x00000000   Number         0  depilogue.o ABSOLUTE
    ../fplib/microlib/fpfix.c                0x00000000   Number         0  dfixul.o ABSOLUTE
    ../fplib/microlib/fpflt.c                0x00000000   Number         0  ffltui.o ABSOLUTE
    ../fplib/microlib/fpmul.c                0x00000000   Number         0  dmul.o ABSOLUTE
    ..\APP\race_counter\race_counter.c       0x00000000   Number         0  race_counter.o ABSOLUTE
    ..\APP\timer\timer.c                     0x00000000   Number         0  timer.o ABSOLUTE
    ..\Break_Service\break_service_Timer.c   0x00000000   Number         0  break_service_timer.o ABSOLUTE
    ..\Break_Service\break_service_UART.c    0x00000000   Number         0  break_service_uart.o ABSOLUTE
    ..\CMSIS\core_cm3.c                      0x00000000   Number         0  core_cm3.o ABSOLUTE
    ..\CMSIS\system_stm32f10x.c              0x00000000   Number         0  system_stm32f10x.o ABSOLUTE
    ..\DEVICE\sec\UART_Send.c                0x00000000   Number         0  uart_send.o ABSOLUTE
    ..\DEVICE\sec\dev_ADC.c                  0x00000000   Number         0  dev_adc.o ABSOLUTE
    ..\DEVICE\sec\dev_button.c               0x00000000   Number         0  dev_button.o ABSOLUTE
    ..\DEVICE\sec\dev_key.c                  0x00000000   Number         0  dev_key.o ABSOLUTE
    ..\DEVICE\sec\dev_led.c                  0x00000000   Number         0  dev_led.o ABSOLUTE
    ..\DEVICE\sec\nixie.c                    0x00000000   Number         0  nixie.o ABSOLUTE
    ..\FWLIB\src\misc.c                      0x00000000   Number         0  misc.o ABSOLUTE
    ..\FWLIB\src\stm32f10x_adc.c             0x00000000   Number         0  stm32f10x_adc.o ABSOLUTE
    ..\FWLIB\src\stm32f10x_bkp.c             0x00000000   Number         0  stm32f10x_bkp.o ABSOLUTE
    ..\FWLIB\src\stm32f10x_can.c             0x00000000   Number         0  stm32f10x_can.o ABSOLUTE
    ..\FWLIB\src\stm32f10x_cec.c             0x00000000   Number         0  stm32f10x_cec.o ABSOLUTE
    ..\FWLIB\src\stm32f10x_crc.c             0x00000000   Number         0  stm32f10x_crc.o ABSOLUTE
    ..\FWLIB\src\stm32f10x_dac.c             0x00000000   Number         0  stm32f10x_dac.o ABSOLUTE
    ..\FWLIB\src\stm32f10x_dbgmcu.c          0x00000000   Number         0  stm32f10x_dbgmcu.o ABSOLUTE
    ..\FWLIB\src\stm32f10x_dma.c             0x00000000   Number         0  stm32f10x_dma.o ABSOLUTE
    ..\FWLIB\src\stm32f10x_exti.c            0x00000000   Number         0  stm32f10x_exti.o ABSOLUTE
    ..\FWLIB\src\stm32f10x_flash.c           0x00000000   Number         0  stm32f10x_flash.o ABSOLUTE
    ..\FWLIB\src\stm32f10x_fsmc.c            0x00000000   Number         0  stm32f10x_fsmc.o ABSOLUTE
    ..\FWLIB\src\stm32f10x_gpio.c            0x00000000   Number         0  stm32f10x_gpio.o ABSOLUTE
    ..\FWLIB\src\stm32f10x_i2c.c             0x00000000   Number         0  stm32f10x_i2c.o ABSOLUTE
    ..\FWLIB\src\stm32f10x_iwdg.c            0x00000000   Number         0  stm32f10x_iwdg.o ABSOLUTE
    ..\FWLIB\src\stm32f10x_pwr.c             0x00000000   Number         0  stm32f10x_pwr.o ABSOLUTE
    ..\FWLIB\src\stm32f10x_rcc.c             0x00000000   Number         0  stm32f10x_rcc.o ABSOLUTE
    ..\FWLIB\src\stm32f10x_rtc.c             0x00000000   Number         0  stm32f10x_rtc.o ABSOLUTE
    ..\FWLIB\src\stm32f10x_sdio.c            0x00000000   Number         0  stm32f10x_sdio.o ABSOLUTE
    ..\FWLIB\src\stm32f10x_spi.c             0x00000000   Number         0  stm32f10x_spi.o ABSOLUTE
    ..\FWLIB\src\stm32f10x_tim.c             0x00000000   Number         0  stm32f10x_tim.o ABSOLUTE
    ..\FWLIB\src\stm32f10x_usart.c           0x00000000   Number         0  stm32f10x_usart.o ABSOLUTE
    ..\FWLIB\src\stm32f10x_wwdg.c            0x00000000   Number         0  stm32f10x_wwdg.o ABSOLUTE
    ..\STARTUP\startup_stm32f10x_hd.s        0x00000000   Number         0  startup_stm32f10x_hd.o ABSOLUTE
    ..\Translater\Cmd_list\Cmd_list.c        0x00000000   Number         0  cmd_list.o ABSOLUTE
    ..\Translater\Cmd_list\cmd_ADC.c         0x00000000   Number         0  cmd_adc.o ABSOLUTE
    ..\Translater\Cmd_list\cmd_timer.c       0x00000000   Number         0  cmd_timer.o ABSOLUTE
    ..\Translater\translater.c               0x00000000   Number         0  translater.o ABSOLUTE
    ..\User\MYSYS.C                          0x00000000   Number         0  mysys.o ABSOLUTE
    ..\User\main.c                           0x00000000   Number         0  main.o ABSOLUTE
    ..\User\stdio_user.c                     0x00000000   Number         0  stdio_user.o ABSOLUTE
    ..\\APP\\race_counter\\race_counter.c    0x00000000   Number         0  race_counter.o ABSOLUTE
    ..\\APP\\timer\\timer.c                  0x00000000   Number         0  timer.o ABSOLUTE
    ..\\Break_Service\\break_service_Timer.c 0x00000000   Number         0  break_service_timer.o ABSOLUTE
    ..\\Break_Service\\break_service_UART.c  0x00000000   Number         0  break_service_uart.o ABSOLUTE
    ..\\CMSIS\\core_cm3.c                    0x00000000   Number         0  core_cm3.o ABSOLUTE
    ..\\CMSIS\\system_stm32f10x.c            0x00000000   Number         0  system_stm32f10x.o ABSOLUTE
    ..\\DEVICE\\sec\\UART_Send.c             0x00000000   Number         0  uart_send.o ABSOLUTE
    ..\\DEVICE\\sec\\dev_ADC.c               0x00000000   Number         0  dev_adc.o ABSOLUTE
    ..\\DEVICE\\sec\\dev_button.c            0x00000000   Number         0  dev_button.o ABSOLUTE
    ..\\DEVICE\\sec\\dev_key.c               0x00000000   Number         0  dev_key.o ABSOLUTE
    ..\\DEVICE\\sec\\dev_led.c               0x00000000   Number         0  dev_led.o ABSOLUTE
    ..\\DEVICE\\sec\\nixie.c                 0x00000000   Number         0  nixie.o ABSOLUTE
    ..\\FWLIB\\src\\misc.c                   0x00000000   Number         0  misc.o ABSOLUTE
    ..\\FWLIB\\src\\stm32f10x_adc.c          0x00000000   Number         0  stm32f10x_adc.o ABSOLUTE
    ..\\FWLIB\\src\\stm32f10x_bkp.c          0x00000000   Number         0  stm32f10x_bkp.o ABSOLUTE
    ..\\FWLIB\\src\\stm32f10x_can.c          0x00000000   Number         0  stm32f10x_can.o ABSOLUTE
    ..\\FWLIB\\src\\stm32f10x_cec.c          0x00000000   Number         0  stm32f10x_cec.o ABSOLUTE
    ..\\FWLIB\\src\\stm32f10x_crc.c          0x00000000   Number         0  stm32f10x_crc.o ABSOLUTE
    ..\\FWLIB\\src\\stm32f10x_dac.c          0x00000000   Number         0  stm32f10x_dac.o ABSOLUTE
    ..\\FWLIB\\src\\stm32f10x_dbgmcu.c       0x00000000   Number         0  stm32f10x_dbgmcu.o ABSOLUTE
    ..\\FWLIB\\src\\stm32f10x_dma.c          0x00000000   Number         0  stm32f10x_dma.o ABSOLUTE
    ..\\FWLIB\\src\\stm32f10x_exti.c         0x00000000   Number         0  stm32f10x_exti.o ABSOLUTE
    ..\\FWLIB\\src\\stm32f10x_flash.c        0x00000000   Number         0  stm32f10x_flash.o ABSOLUTE
    ..\\FWLIB\\src\\stm32f10x_fsmc.c         0x00000000   Number         0  stm32f10x_fsmc.o ABSOLUTE
    ..\\FWLIB\\src\\stm32f10x_gpio.c         0x00000000   Number         0  stm32f10x_gpio.o ABSOLUTE
    ..\\FWLIB\\src\\stm32f10x_i2c.c          0x00000000   Number         0  stm32f10x_i2c.o ABSOLUTE
    ..\\FWLIB\\src\\stm32f10x_iwdg.c         0x00000000   Number         0  stm32f10x_iwdg.o ABSOLUTE
    ..\\FWLIB\\src\\stm32f10x_pwr.c          0x00000000   Number         0  stm32f10x_pwr.o ABSOLUTE
    ..\\FWLIB\\src\\stm32f10x_rcc.c          0x00000000   Number         0  stm32f10x_rcc.o ABSOLUTE
    ..\\FWLIB\\src\\stm32f10x_rtc.c          0x00000000   Number         0  stm32f10x_rtc.o ABSOLUTE
    ..\\FWLIB\\src\\stm32f10x_sdio.c         0x00000000   Number         0  stm32f10x_sdio.o ABSOLUTE
    ..\\FWLIB\\src\\stm32f10x_spi.c          0x00000000   Number         0  stm32f10x_spi.o ABSOLUTE
    ..\\FWLIB\\src\\stm32f10x_tim.c          0x00000000   Number         0  stm32f10x_tim.o ABSOLUTE
    ..\\FWLIB\\src\\stm32f10x_usart.c        0x00000000   Number         0  stm32f10x_usart.o ABSOLUTE
    ..\\FWLIB\\src\\stm32f10x_wwdg.c         0x00000000   Number         0  stm32f10x_wwdg.o ABSOLUTE
    ..\\Translater\\Cmd_list\\cmd_ADC.c      0x00000000   Number         0  cmd_adc.o ABSOLUTE
    ..\\Translater\\Cmd_list\\cmd_timer.c    0x00000000   Number         0  cmd_timer.o ABSOLUTE
    ..\\Translater\\translater.c             0x00000000   Number         0  translater.o ABSOLUTE
    ..\\User\\MYSYS.C                        0x00000000   Number         0  mysys.o ABSOLUTE
    ..\\User\\main.c                         0x00000000   Number         0  main.o ABSOLUTE
    ..\\User\\stdio_user.c                   0x00000000   Number         0  stdio_user.o ABSOLUTE
    cdrcmple.s                               0x00000000   Number         0  cdrcmple.o ABSOLUTE
    dc.s                                     0x00000000   Number         0  dc.o ABSOLUTE
    handlers.s                               0x00000000   Number         0  handlers.o ABSOLUTE
    init.s                                   0x00000000   Number         0  init.o ABSOLUTE
    RESET                                    0x08000000   Section      304  startup_stm32f10x_hd.o(RESET)
    .ARM.Collect$$$$00000000                 0x08000130   Section        0  entry.o(.ARM.Collect$$$$00000000)
    .ARM.Collect$$$$00000001                 0x08000130   Section        4  entry2.o(.ARM.Collect$$$$00000001)
    .ARM.Collect$$$$00000004                 0x08000134   Section        4  entry5.o(.ARM.Collect$$$$00000004)
    .ARM.Collect$$$$00000008                 0x08000138   Section        0  entry7b.o(.ARM.Collect$$$$00000008)
    .ARM.Collect$$$$0000000A                 0x08000138   Section        0  entry8b.o(.ARM.Collect$$$$0000000A)
    .ARM.Collect$$$$0000000B                 0x08000138   Section        8  entry9a.o(.ARM.Collect$$$$0000000B)
    .ARM.Collect$$$$0000000D                 0x08000140   Section        0  entry10a.o(.ARM.Collect$$$$0000000D)
    .ARM.Collect$$$$0000000F                 0x08000140   Section        0  entry11a.o(.ARM.Collect$$$$0000000F)
    .ARM.Collect$$$$00002712                 0x08000140   Section        4  entry2.o(.ARM.Collect$$$$00002712)
    __lit__00000000                          0x08000140   Data           4  entry2.o(.ARM.Collect$$$$00002712)
    .text                                    0x08000144   Section       36  startup_stm32f10x_hd.o(.text)
    .text                                    0x08000168   Section        0  memcpya.o(.text)
    .text                                    0x0800018c   Section        0  dmul.o(.text)
    .text                                    0x08000270   Section        0  ffltui.o(.text)
    .text                                    0x0800027a   Section        0  f2d.o(.text)
    .text                                    0x080002a0   Section        0  d2f.o(.text)
    .text                                    0x080002d8   Section        0  uidiv.o(.text)
    .text                                    0x08000304   Section        0  uldiv.o(.text)
    .text                                    0x08000366   Section        0  iusefp.o(.text)
    .text                                    0x08000366   Section        0  fepilogue.o(.text)
    .text                                    0x080003d4   Section        0  depilogue.o(.text)
    .text                                    0x0800048e   Section        0  dadd.o(.text)
    .text                                    0x080005dc   Section        0  ddiv.o(.text)
    .text                                    0x080006ba   Section        0  dfixul.o(.text)
    .text                                    0x080006ec   Section       48  cdrcmple.o(.text)
    .text                                    0x0800071c   Section       36  init.o(.text)
    .text                                    0x08000740   Section        0  llshl.o(.text)
    .text                                    0x0800075e   Section        0  llushr.o(.text)
    .text                                    0x0800077e   Section        0  llsshr.o(.text)
    .text                                    0x080007a2   Section        0  __dczerorl2.o(.text)
    i.ADC_Cmd                                0x080007f8   Section        0  stm32f10x_adc.o(i.ADC_Cmd)
    i.ADC_GetCalibrationStatus               0x0800080e   Section        0  stm32f10x_adc.o(i.ADC_GetCalibrationStatus)
    i.ADC_GetConversionValue                 0x08000822   Section        0  stm32f10x_adc.o(i.ADC_GetConversionValue)
    i.ADC_GetFlagStatus                      0x0800082a   Section        0  stm32f10x_adc.o(i.ADC_GetFlagStatus)
    i.ADC_Init                               0x0800083c   Section        0  stm32f10x_adc.o(i.ADC_Init)
    i.ADC_RegularChannelConfig               0x0800088c   Section        0  stm32f10x_adc.o(i.ADC_RegularChannelConfig)
    i.ADC_ResetCalibration                   0x08000944   Section        0  stm32f10x_adc.o(i.ADC_ResetCalibration)
    i.ADC_SoftwareStartConvCmd               0x0800094e   Section        0  stm32f10x_adc.o(i.ADC_SoftwareStartConvCmd)
    i.ADC_StartCalibration                   0x08000964   Section        0  stm32f10x_adc.o(i.ADC_StartCalibration)
    i.ADCx_Init                              0x08000970   Section        0  dev_adc.o(i.ADCx_Init)
    i.API_timer_TimerCounter                 0x08000a04   Section        0  timer.o(i.API_timer_TimerCounter)
    i.API_timer_number_counter               0x08000a68   Section        0  timer.o(i.API_timer_number_counter)
    i.Button_Init                            0x08000ab0   Section        0  dev_button.o(i.Button_Init)
    i.Clear_DataFlow                         0x08000b14   Section        0  stdio_user.o(i.Clear_DataFlow)
    i.Cmd_Executer                           0x08000b38   Section        0  translater.o(i.Cmd_Executer)
    i.Cmd_List_Init                          0x08000b74   Section        0  translater.o(i.Cmd_List_Init)
    Cmd_List_Init                            0x08000b75   Thumb Code    68  translater.o(i.Cmd_List_Init)
    i.Cmd_Option_Analize                     0x08000bc0   Section        0  translater.o(i.Cmd_Option_Analize)
    i.Cmd_Order_Analize                      0x08000c44   Section        0  translater.o(i.Cmd_Order_Analize)
    i.Cmd_Sum_Analize                        0x08000c8c   Section        0  translater.o(i.Cmd_Sum_Analize)
    i.GPIO_Init                              0x08000cca   Section        0  stm32f10x_gpio.o(i.GPIO_Init)
    i.GPIO_ResetBits                         0x08000de0   Section        0  stm32f10x_gpio.o(i.GPIO_ResetBits)
    i.GPIO_SetBits                           0x08000de4   Section        0  stm32f10x_gpio.o(i.GPIO_SetBits)
    i.GPIO_Write                             0x08000de8   Section        0  stm32f10x_gpio.o(i.GPIO_Write)
    i.Get_ADC_Value                          0x08000dec   Section        0  dev_adc.o(i.Get_ADC_Value)
    i.Load_Data                              0x08000e40   Section        0  stdio_user.o(i.Load_Data)
    i.NIXIE_GPIO_Config                      0x08000e6c   Section        0  nixie.o(i.NIXIE_GPIO_Config)
    i.NVIC_Init                              0x08000e98   Section        0  misc.o(i.NVIC_Init)
    i.NVIC_PriorityGroupConfig               0x08000f08   Section        0  misc.o(i.NVIC_PriorityGroupConfig)
    i.RCC_ADCCLKConfig                       0x08000f1c   Section        0  stm32f10x_rcc.o(i.RCC_ADCCLKConfig)
    i.RCC_APB1PeriphClockCmd                 0x08000f34   Section        0  stm32f10x_rcc.o(i.RCC_APB1PeriphClockCmd)
    i.RCC_APB1PeriphResetCmd                 0x08000f54   Section        0  stm32f10x_rcc.o(i.RCC_APB1PeriphResetCmd)
    i.RCC_APB2PeriphClockCmd                 0x08000f74   Section        0  stm32f10x_rcc.o(i.RCC_APB2PeriphClockCmd)
    i.RCC_APB2PeriphResetCmd                 0x08000f94   Section        0  stm32f10x_rcc.o(i.RCC_APB2PeriphResetCmd)
    i.RCC_DeInit                             0x08000fb4   Section        0  stm32f10x_rcc.o(i.RCC_DeInit)
    i.RCC_GetClocksFreq                      0x08001000   Section        0  stm32f10x_rcc.o(i.RCC_GetClocksFreq)
    i.RCC_GetFlagStatus                      0x080010d4   Section        0  stm32f10x_rcc.o(i.RCC_GetFlagStatus)
    i.RCC_GetSYSCLKSource                    0x08001110   Section        0  stm32f10x_rcc.o(i.RCC_GetSYSCLKSource)
    i.RCC_HCLKConfig                         0x08001120   Section        0  stm32f10x_rcc.o(i.RCC_HCLKConfig)
    i.RCC_HSEConfig                          0x08001138   Section        0  stm32f10x_rcc.o(i.RCC_HSEConfig)
    i.RCC_Init_Function                      0x08001184   Section        0  main.o(i.RCC_Init_Function)
    i.RCC_PCLK1Config                        0x080011e4   Section        0  stm32f10x_rcc.o(i.RCC_PCLK1Config)
    i.RCC_PCLK2Config                        0x080011fc   Section        0  stm32f10x_rcc.o(i.RCC_PCLK2Config)
    i.RCC_PLLCmd                             0x08001214   Section        0  stm32f10x_rcc.o(i.RCC_PLLCmd)
    i.RCC_PLLConfig                          0x08001220   Section        0  stm32f10x_rcc.o(i.RCC_PLLConfig)
    i.RCC_SYSCLKConfig                       0x0800123c   Section        0  stm32f10x_rcc.o(i.RCC_SYSCLKConfig)
    i.SetSysClock                            0x08001254   Section        0  system_stm32f10x.o(i.SetSysClock)
    SetSysClock                              0x08001255   Thumb Code     8  system_stm32f10x.o(i.SetSysClock)
    i.SetSysClockTo72                        0x0800125c   Section        0  system_stm32f10x.o(i.SetSysClockTo72)
    SetSysClockTo72                          0x0800125d   Thumb Code   214  system_stm32f10x.o(i.SetSysClockTo72)
    i.Stdio_Buffer_Init                      0x0800133c   Section        0  stdio_user.o(i.Stdio_Buffer_Init)
    i.SysTick_CLKSourceConfig                0x08001350   Section        0  misc.o(i.SysTick_CLKSourceConfig)
    i.SysTick_Handler                        0x08001378   Section        0  mysys.o(i.SysTick_Handler)
    i.SystemInit                             0x08001390   Section        0  system_stm32f10x.o(i.SystemInit)
    i.TIM3_Break_CallBack                    0x080013f0   Section        0  timer.o(i.TIM3_Break_CallBack)
    i.TIM3_IRQHandler                        0x08001400   Section        0  break_service_timer.o(i.TIM3_IRQHandler)
    i.TIM3_Init                              0x0800141c   Section        0  break_service_timer.o(i.TIM3_Init)
    i.TIM3_disable                           0x0800148c   Section        0  break_service_timer.o(i.TIM3_disable)
    i.TIM3_enable                            0x080014a8   Section        0  break_service_timer.o(i.TIM3_enable)
    i.TIMER3_Haddpen_Service                 0x080014c4   Section        0  break_service_timer.o(i.TIMER3_Haddpen_Service)
    i.TIM_ClearFlag                          0x080014e0   Section        0  stm32f10x_tim.o(i.TIM_ClearFlag)
    i.TIM_Cmd                                0x080014e6   Section        0  stm32f10x_tim.o(i.TIM_Cmd)
    i.TIM_DeInit                             0x08001500   Section        0  stm32f10x_tim.o(i.TIM_DeInit)
    i.TIM_ITConfig                           0x080016e8   Section        0  stm32f10x_tim.o(i.TIM_ITConfig)
    i.TIM_TimeBaseInit                       0x080016fc   Section        0  stm32f10x_tim.o(i.TIM_TimeBaseInit)
    i.Trans_Init                             0x080017a0   Section        0  translater.o(i.Trans_Init)
    i.USART1_IRQHandler                      0x08001810   Section        0  break_service_uart.o(i.USART1_IRQHandler)
    i.USART1_Init_Function                   0x0800183c   Section        0  uart_send.o(i.USART1_Init_Function)
    i.USART1_Read_Init                       0x080018f0   Section        0  break_service_uart.o(i.USART1_Read_Init)
    i.USART1_Receive_Service                 0x08001964   Section        0  break_service_uart.o(i.USART1_Receive_Service)
    i.USART_CallBack_race                    0x080019e8   Section        0  race_counter.o(i.USART_CallBack_race)
    i.USART_CallBack_userdef                 0x08001b24   Section        0  main.o(i.USART_CallBack_userdef)
    i.USART_ClearFlag                        0x08001bb4   Section        0  stm32f10x_usart.o(i.USART_ClearFlag)
    i.USART_Cmd                              0x08001bc6   Section        0  stm32f10x_usart.o(i.USART_Cmd)
    i.USART_GetFlagStatus                    0x08001bde   Section        0  stm32f10x_usart.o(i.USART_GetFlagStatus)
    i.USART_ITConfig                         0x08001bf8   Section        0  stm32f10x_usart.o(i.USART_ITConfig)
    i.USART_Init                             0x08001c44   Section        0  stm32f10x_usart.o(i.USART_Init)
    i.USART_ReceiveData                      0x08001d1c   Section        0  stm32f10x_usart.o(i.USART_ReceiveData)
    i.USART_SendData                         0x08001d26   Section        0  stm32f10x_usart.o(i.USART_SendData)
    i.__0printf                              0x08001d30   Section        0  printfa.o(i.__0printf)
    i.__scatterload_copy                     0x08001d50   Section       14  handlers.o(i.__scatterload_copy)
    i.__scatterload_null                     0x08001d5e   Section        2  handlers.o(i.__scatterload_null)
    i.__scatterload_zeroinit                 0x08001d60   Section       14  handlers.o(i.__scatterload_zeroinit)
    i._fp_digits                             0x08001d70   Section        0  printfa.o(i._fp_digits)
    _fp_digits                               0x08001d71   Thumb Code   366  printfa.o(i._fp_digits)
    i._printf_core                           0x08001ef4   Section        0  printfa.o(i._printf_core)
    _printf_core                             0x08001ef5   Thumb Code  1744  printfa.o(i._printf_core)
    i._printf_post_padding                   0x080025d0   Section        0  printfa.o(i._printf_post_padding)
    _printf_post_padding                     0x080025d1   Thumb Code    36  printfa.o(i._printf_post_padding)
    i._printf_pre_padding                    0x080025f4   Section        0  printfa.o(i._printf_pre_padding)
    _printf_pre_padding                      0x080025f5   Thumb Code    46  printfa.o(i._printf_pre_padding)
    i.analizeData                            0x08002624   Section        0  dev_button.o(i.analizeData)
    i.button_action_Executer                 0x08002664   Section        0  dev_button.o(i.button_action_Executer)
    i.button_edge_Executer                   0x08002708   Section        0  dev_button.o(i.button_edge_Executer)
    i.classfy_button1_event                  0x0800279c   Section        0  dev_button.o(i.classfy_button1_event)
    i.classfy_button2_event                  0x080027d4   Section        0  dev_button.o(i.classfy_button2_event)
    i.cmd_adc_test                           0x0800280c   Section        0  translater.o(i.cmd_adc_test)
    cmd_adc_test                             0x0800280d   Thumb Code    18  translater.o(i.cmd_adc_test)
    i.cmd_adc_transform                      0x08002848   Section        0  cmd_adc.o(i.cmd_adc_transform)
    i.cmd_race_cmdMode                       0x08002938   Section        0  translater.o(i.cmd_race_cmdMode)
    cmd_race_cmdMode                         0x08002939   Thumb Code    12  translater.o(i.cmd_race_cmdMode)
    i.cmd_send_pc                            0x08002944   Section        0  translater.o(i.cmd_send_pc)
    cmd_send_pc                              0x08002945   Thumb Code    20  translater.o(i.cmd_send_pc)
    i.cmd_timer_counter                      0x08002974   Section        0  cmd_timer.o(i.cmd_timer_counter)
    i.cmd_timer_sec                          0x080029a8   Section        0  translater.o(i.cmd_timer_sec)
    cmd_timer_sec                            0x080029a9   Thumb Code    10  translater.o(i.cmd_timer_sec)
    i.counter_main                           0x080029b4   Section        0  race_counter.o(i.counter_main)
    i.delay_init                             0x08002b08   Section        0  mysys.o(i.delay_init)
    i.delay_ms                               0x08002b4c   Section        0  mysys.o(i.delay_ms)
    i.display_nixie                          0x08002b98   Section        0  nixie.o(i.display_nixie)
    i.fputc                                  0x08002bc0   Section        0  stdio_user.o(i.fputc)
    i.get_StdioBuffer                        0x08002be4   Section        0  stdio_user.o(i.get_StdioBuffer)
    i.get_String_Data                        0x08002bec   Section        0  stdio_user.o(i.get_String_Data)
    i.get_Word                               0x08002bee   Section        0  stdio_user.o(i.get_Word)
    i.get_char                               0x08002c24   Section        0  stdio_user.o(i.get_char)
    i.leds_init                              0x08002c40   Section        0  dev_led.o(i.leds_init)
    i.leds_off                               0x08002cb0   Section        0  dev_led.o(i.leds_off)
    i.main                                   0x08002cdc   Section        0  main.o(i.main)
    i.timer_mune_USART_CallBack              0x08002d58   Section        0  timer.o(i.timer_mune_USART_CallBack)
    i.timer_start                            0x08002e58   Section        0  timer.o(i.timer_start)
    i.unget_Char                             0x0800303c   Section        0  stdio_user.o(i.unget_Char)
    i.ustrcmp                                0x0800305e   Section        0  stdio_user.o(i.ustrcmp)
    i.ustrcpy                                0x08003082   Section        0  stdio_user.o(i.ustrcpy)
    .constdata                               0x08003098   Section       64  translater.o(.constdata)
    cmd_state_table                          0x08003098   Data          64  translater.o(.constdata)
    .constdata                               0x080030d8   Section       20  cmd_timer.o(.constdata)
    .conststring                             0x080030ec   Section       81  main.o(.conststring)
    .conststring                             0x08003140   Section      107  timer.o(.conststring)
    .conststrlit                             0x080031ac   Section        2  main.o(.conststrlit)
    .conststrlit                             0x080031b0   Section        2  translater.o(.conststrlit)
    .data                                    0x20000000   Section       20  system_stm32f10x.o(.data)
    .data                                    0x20000014   Section       20  stm32f10x_rcc.o(.data)
    APBAHBPrescTable                         0x20000014   Data          16  stm32f10x_rcc.o(.data)
    ADCPrescTable                            0x20000024   Data           4  stm32f10x_rcc.o(.data)
    .data                                    0x20000028   Section      192  main.o(.data)
    COUNTER                                  0x20000028   Data           8  main.o(.data)
    cmd_table                                0x20000030   Data          60  main.o(.data)
    option_table                             0x2000006c   Data          96  main.o(.data)
    cmd_list                                 0x200000cc   Data          12  main.o(.data)
    rx                                       0x200000d8   Data           1  main.o(.data)
    cmd_buffer                               0x200000dc   Data           4  main.o(.data)
    test_code_mem                            0x200000e0   Data           4  main.o(.data)
    test_code_now                            0x200000e4   Data           4  main.o(.data)
    .data                                    0x200000e8   Section        8  mysys.o(.data)
    fac_us                                   0x200000e8   Data           1  mysys.o(.data)
    fac_ms                                   0x200000ea   Data           2  mysys.o(.data)
    .data                                    0x200000f0   Section       20  nixie.o(.data)
    .data                                    0x20000104   Section       36  dev_button.o(.data)
    Button_States                            0x20000104   Data          36  dev_button.o(.data)
    .data                                    0x20000128   Section       12  break_service_uart.o(.data)
    rx                                       0x20000128   Data           1  break_service_uart.o(.data)
    cmd_buffer                               0x2000012c   Data           4  break_service_uart.o(.data)
    DFP                                      0x20000130   Data           4  break_service_uart.o(.data)
    .data                                    0x20000134   Section        4  break_service_timer.o(.data)
    Tim3_Break_flag                          0x20000134   Data           4  break_service_timer.o(.data)
    .data                                    0x20000138   Section       20  race_counter.o(.data)
    COUNTER                                  0x20000138   Data           8  race_counter.o(.data)
    rx                                       0x20000140   Data           1  race_counter.o(.data)
    cmd_buffer                               0x20000144   Data           4  race_counter.o(.data)
    exit_flag                                0x20000148   Data           4  race_counter.o(.data)
    .data                                    0x2000014c   Section       36  timer.o(.data)
    rx                                       0x2000014c   Data           1  timer.o(.data)
    cmd_buffer                               0x20000150   Data           4  timer.o(.data)
    time                                     0x20000154   Data           4  timer.o(.data)
    counter_state                            0x20000158   Data           4  timer.o(.data)
    api_time_max                             0x2000015c   Data           4  timer.o(.data)
    api_init                                 0x20000160   Data           4  timer.o(.data)
    api_stop                                 0x20000164   Data           4  timer.o(.data)
    button1_mem                              0x20000168   Data           4  timer.o(.data)
    button1_now                              0x2000016c   Data           4  timer.o(.data)
    .data                                    0x20000170   Section      180  translater.o(.data)
    COUNTER                                  0x20000170   Data           8  translater.o(.data)
    cmd_table                                0x20000178   Data          60  translater.o(.data)
    option_table                             0x200001b4   Data          96  translater.o(.data)
    cmd_list                                 0x20000214   Data          12  translater.o(.data)
    table_size                               0x20000220   Data           4  translater.o(.data)
    .data                                    0x20000224   Section        4  stdout.o(.data)
    .bss                                     0x20000228   Section       68  main.o(.bss)
    stdio_buffer_list                        0x20000228   Data          44  main.o(.bss)
    button1                                  0x20000254   Data          12  main.o(.bss)
    button2                                  0x20000260   Data          12  main.o(.bss)
    .bss                                     0x2000026c   Section       44  stdio_user.o(.bss)
    stdio_buffer_list                        0x2000026c   Data          44  stdio_user.o(.bss)
    .bss                                     0x20000298   Section       24  dev_button.o(.bss)
    button1                                  0x20000298   Data          12  dev_button.o(.bss)
    button2                                  0x200002a4   Data          12  dev_button.o(.bss)
    .bss                                     0x200002b0   Section       68  race_counter.o(.bss)
    stdio_buffer_list                        0x200002b0   Data          44  race_counter.o(.bss)
    button1                                  0x200002dc   Data          12  race_counter.o(.bss)
    button2                                  0x200002e8   Data          12  race_counter.o(.bss)
    .bss                                     0x200002f4   Section      100  timer.o(.bss)
    button1                                  0x200002f4   Data          12  timer.o(.bss)
    button2                                  0x20000300   Data          12  timer.o(.bss)
    stdio_buffer_list                        0x2000030c   Data          44  timer.o(.bss)
    time_list                                0x20000338   Data          32  timer.o(.bss)
    STACK                                    0x20000358   Section     1024  startup_stm32f10x_hd.o(STACK)

    Global Symbols

    Symbol Name                              Value     Ov Type        Size  Object(Section)

    BuildAttributes$$THM_ISAv4$P$D$K$B$S$PE$A:L22UL41UL21$X:L11$S22US41US21$IEEE1$IW$USESV6$~STKCKD$USESV7$~SHL$OTIME$ROPI$EBA8$MICROLIB$REQ8$PRES8$EABIv2 0x00000000   Number         0  anon$$obj.o ABSOLUTE
    __ARM_use_no_argv                        0x00000000   Number         0  main.o ABSOLUTE
    _printf_a                                0x00000000   Number         0  stubs.o ABSOLUTE
    _printf_c                                0x00000000   Number         0  stubs.o ABSOLUTE
    _printf_charcount                        0x00000000   Number         0  stubs.o ABSOLUTE
    _printf_d                                0x00000000   Number         0  stubs.o ABSOLUTE
    _printf_e                                0x00000000   Number         0  stubs.o ABSOLUTE
    _printf_f                                0x00000000   Number         0  stubs.o ABSOLUTE
    _printf_flags                            0x00000000   Number         0  stubs.o ABSOLUTE
    _printf_fp_dec                           0x00000000   Number         0  stubs.o ABSOLUTE
    _printf_fp_hex                           0x00000000   Number         0  stubs.o ABSOLUTE
    _printf_g                                0x00000000   Number         0  stubs.o ABSOLUTE
    _printf_i                                0x00000000   Number         0  stubs.o ABSOLUTE
    _printf_int_dec                          0x00000000   Number         0  stubs.o ABSOLUTE
    _printf_l                                0x00000000   Number         0  stubs.o ABSOLUTE
    _printf_lc                               0x00000000   Number         0  stubs.o ABSOLUTE
    _printf_ll                               0x00000000   Number         0  stubs.o ABSOLUTE
    _printf_lld                              0x00000000   Number         0  stubs.o ABSOLUTE
    _printf_lli                              0x00000000   Number         0  stubs.o ABSOLUTE
    _printf_llo                              0x00000000   Number         0  stubs.o ABSOLUTE
    _printf_llu                              0x00000000   Number         0  stubs.o ABSOLUTE
    _printf_llx                              0x00000000   Number         0  stubs.o ABSOLUTE
    _printf_longlong_dec                     0x00000000   Number         0  stubs.o ABSOLUTE
    _printf_longlong_hex                     0x00000000   Number         0  stubs.o ABSOLUTE
    _printf_longlong_oct                     0x00000000   Number         0  stubs.o ABSOLUTE
    _printf_ls                               0x00000000   Number         0  stubs.o ABSOLUTE
    _printf_mbtowc                           0x00000000   Number         0  stubs.o ABSOLUTE
    _printf_n                                0x00000000   Number         0  stubs.o ABSOLUTE
    _printf_o                                0x00000000   Number         0  stubs.o ABSOLUTE
    _printf_p                                0x00000000   Number         0  stubs.o ABSOLUTE
    _printf_percent                          0x00000000   Number         0  stubs.o ABSOLUTE
    _printf_pre_padding                      0x00000000   Number         0  stubs.o ABSOLUTE
    _printf_return_value                     0x00000000   Number         0  stubs.o ABSOLUTE
    _printf_s                                0x00000000   Number         0  stubs.o ABSOLUTE
    _printf_sizespec                         0x00000000   Number         0  stubs.o ABSOLUTE
    _printf_str                              0x00000000   Number         0  stubs.o ABSOLUTE
    _printf_truncate_signed                  0x00000000   Number         0  stubs.o ABSOLUTE
    _printf_truncate_unsigned                0x00000000   Number         0  stubs.o ABSOLUTE
    _printf_u                                0x00000000   Number         0  stubs.o ABSOLUTE
    _printf_wc                               0x00000000   Number         0  stubs.o ABSOLUTE
    _printf_wctomb                           0x00000000   Number         0  stubs.o ABSOLUTE
    _printf_widthprec                        0x00000000   Number         0  stubs.o ABSOLUTE
    _printf_x                                0x00000000   Number         0  stubs.o ABSOLUTE
    __cpp_initialize__aeabi_                  - Undefined Weak Reference
    __cxa_finalize                            - Undefined Weak Reference
    _clock_init                               - Undefined Weak Reference
    _microlib_exit                            - Undefined Weak Reference
    __Vectors_Size                           0x00000130   Number         0  startup_stm32f10x_hd.o ABSOLUTE
    __Vectors                                0x08000000   Data           4  startup_stm32f10x_hd.o(RESET)
    __Vectors_End                            0x08000130   Data           0  startup_stm32f10x_hd.o(RESET)
    __main                                   0x08000131   Thumb Code     0  entry.o(.ARM.Collect$$$$00000000)
    _main_stk                                0x08000131   Thumb Code     0  entry2.o(.ARM.Collect$$$$00000001)
    _main_scatterload                        0x08000135   Thumb Code     0  entry5.o(.ARM.Collect$$$$00000004)
    __main_after_scatterload                 0x08000139   Thumb Code     0  entry5.o(.ARM.Collect$$$$00000004)
    _main_clock                              0x08000139   Thumb Code     0  entry7b.o(.ARM.Collect$$$$00000008)
    _main_cpp_init                           0x08000139   Thumb Code     0  entry8b.o(.ARM.Collect$$$$0000000A)
    _main_init                               0x08000139   Thumb Code     0  entry9a.o(.ARM.Collect$$$$0000000B)
    __rt_final_cpp                           0x08000141   Thumb Code     0  entry10a.o(.ARM.Collect$$$$0000000D)
    __rt_final_exit                          0x08000141   Thumb Code     0  entry11a.o(.ARM.Collect$$$$0000000F)
    Reset_Handler                            0x08000145   Thumb Code     8  startup_stm32f10x_hd.o(.text)
    NMI_Handler                              0x0800014d   Thumb Code     2  startup_stm32f10x_hd.o(.text)
    HardFault_Handler                        0x0800014f   Thumb Code     2  startup_stm32f10x_hd.o(.text)
    MemManage_Handler                        0x08000151   Thumb Code     2  startup_stm32f10x_hd.o(.text)
    BusFault_Handler                         0x08000153   Thumb Code     2  startup_stm32f10x_hd.o(.text)
    UsageFault_Handler                       0x08000155   Thumb Code     2  startup_stm32f10x_hd.o(.text)
    SVC_Handler                              0x08000157   Thumb Code     2  startup_stm32f10x_hd.o(.text)
    DebugMon_Handler                         0x08000159   Thumb Code     2  startup_stm32f10x_hd.o(.text)
    PendSV_Handler                           0x0800015b   Thumb Code     2  startup_stm32f10x_hd.o(.text)
    ADC1_2_IRQHandler                        0x0800015f   Thumb Code     0  startup_stm32f10x_hd.o(.text)
    ADC3_IRQHandler                          0x0800015f   Thumb Code     0  startup_stm32f10x_hd.o(.text)
    CAN1_RX1_IRQHandler                      0x0800015f   Thumb Code     0  startup_stm32f10x_hd.o(.text)
    CAN1_SCE_IRQHandler                      0x0800015f   Thumb Code     0  startup_stm32f10x_hd.o(.text)
    DMA1_Channel1_IRQHandler                 0x0800015f   Thumb Code     0  startup_stm32f10x_hd.o(.text)
    DMA1_Channel2_IRQHandler                 0x0800015f   Thumb Code     0  startup_stm32f10x_hd.o(.text)
    DMA1_Channel3_IRQHandler                 0x0800015f   Thumb Code     0  startup_stm32f10x_hd.o(.text)
    DMA1_Channel4_IRQHandler                 0x0800015f   Thumb Code     0  startup_stm32f10x_hd.o(.text)
    DMA1_Channel5_IRQHandler                 0x0800015f   Thumb Code     0  startup_stm32f10x_hd.o(.text)
    DMA1_Channel6_IRQHandler                 0x0800015f   Thumb Code     0  startup_stm32f10x_hd.o(.text)
    DMA1_Channel7_IRQHandler                 0x0800015f   Thumb Code     0  startup_stm32f10x_hd.o(.text)
    DMA2_Channel1_IRQHandler                 0x0800015f   Thumb Code     0  startup_stm32f10x_hd.o(.text)
    DMA2_Channel2_IRQHandler                 0x0800015f   Thumb Code     0  startup_stm32f10x_hd.o(.text)
    DMA2_Channel3_IRQHandler                 0x0800015f   Thumb Code     0  startup_stm32f10x_hd.o(.text)
    DMA2_Channel4_5_IRQHandler               0x0800015f   Thumb Code     0  startup_stm32f10x_hd.o(.text)
    EXTI0_IRQHandler                         0x0800015f   Thumb Code     0  startup_stm32f10x_hd.o(.text)
    EXTI15_10_IRQHandler                     0x0800015f   Thumb Code     0  startup_stm32f10x_hd.o(.text)
    EXTI1_IRQHandler                         0x0800015f   Thumb Code     0  startup_stm32f10x_hd.o(.text)
    EXTI2_IRQHandler                         0x0800015f   Thumb Code     0  startup_stm32f10x_hd.o(.text)
    EXTI3_IRQHandler                         0x0800015f   Thumb Code     0  startup_stm32f10x_hd.o(.text)
    EXTI4_IRQHandler                         0x0800015f   Thumb Code     0  startup_stm32f10x_hd.o(.text)
    EXTI9_5_IRQHandler                       0x0800015f   Thumb Code     0  startup_stm32f10x_hd.o(.text)
    FLASH_IRQHandler                         0x0800015f   Thumb Code     0  startup_stm32f10x_hd.o(.text)
    FSMC_IRQHandler                          0x0800015f   Thumb Code     0  startup_stm32f10x_hd.o(.text)
    I2C1_ER_IRQHandler                       0x0800015f   Thumb Code     0  startup_stm32f10x_hd.o(.text)
    I2C1_EV_IRQHandler                       0x0800015f   Thumb Code     0  startup_stm32f10x_hd.o(.text)
    I2C2_ER_IRQHandler                       0x0800015f   Thumb Code     0  startup_stm32f10x_hd.o(.text)
    I2C2_EV_IRQHandler                       0x0800015f   Thumb Code     0  startup_stm32f10x_hd.o(.text)
    PVD_IRQHandler                           0x0800015f   Thumb Code     0  startup_stm32f10x_hd.o(.text)
    RCC_IRQHandler                           0x0800015f   Thumb Code     0  startup_stm32f10x_hd.o(.text)
    RTCAlarm_IRQHandler                      0x0800015f   Thumb Code     0  startup_stm32f10x_hd.o(.text)
    RTC_IRQHandler                           0x0800015f   Thumb Code     0  startup_stm32f10x_hd.o(.text)
    SDIO_IRQHandler                          0x0800015f   Thumb Code     0  startup_stm32f10x_hd.o(.text)
    SPI1_IRQHandler                          0x0800015f   Thumb Code     0  startup_stm32f10x_hd.o(.text)
    SPI2_IRQHandler                          0x0800015f   Thumb Code     0  startup_stm32f10x_hd.o(.text)
    SPI3_IRQHandler                          0x0800015f   Thumb Code     0  startup_stm32f10x_hd.o(.text)
    TAMPER_IRQHandler                        0x0800015f   Thumb Code     0  startup_stm32f10x_hd.o(.text)
    TIM1_BRK_IRQHandler                      0x0800015f   Thumb Code     0  startup_stm32f10x_hd.o(.text)
    TIM1_CC_IRQHandler                       0x0800015f   Thumb Code     0  startup_stm32f10x_hd.o(.text)
    TIM1_TRG_COM_IRQHandler                  0x0800015f   Thumb Code     0  startup_stm32f10x_hd.o(.text)
    TIM1_UP_IRQHandler                       0x0800015f   Thumb Code     0  startup_stm32f10x_hd.o(.text)
    TIM2_IRQHandler                          0x0800015f   Thumb Code     0  startup_stm32f10x_hd.o(.text)
    TIM4_IRQHandler                          0x0800015f   Thumb Code     0  startup_stm32f10x_hd.o(.text)
    TIM5_IRQHandler                          0x0800015f   Thumb Code     0  startup_stm32f10x_hd.o(.text)
    TIM6_IRQHandler                          0x0800015f   Thumb Code     0  startup_stm32f10x_hd.o(.text)
    TIM7_IRQHandler                          0x0800015f   Thumb Code     0  startup_stm32f10x_hd.o(.text)
    TIM8_BRK_IRQHandler                      0x0800015f   Thumb Code     0  startup_stm32f10x_hd.o(.text)
    TIM8_CC_IRQHandler                       0x0800015f   Thumb Code     0  startup_stm32f10x_hd.o(.text)
    TIM8_TRG_COM_IRQHandler                  0x0800015f   Thumb Code     0  startup_stm32f10x_hd.o(.text)
    TIM8_UP_IRQHandler                       0x0800015f   Thumb Code     0  startup_stm32f10x_hd.o(.text)
    UART4_IRQHandler                         0x0800015f   Thumb Code     0  startup_stm32f10x_hd.o(.text)
    UART5_IRQHandler                         0x0800015f   Thumb Code     0  startup_stm32f10x_hd.o(.text)
    USART2_IRQHandler                        0x0800015f   Thumb Code     0  startup_stm32f10x_hd.o(.text)
    USART3_IRQHandler                        0x0800015f   Thumb Code     0  startup_stm32f10x_hd.o(.text)
    USBWakeUp_IRQHandler                     0x0800015f   Thumb Code     0  startup_stm32f10x_hd.o(.text)
    USB_HP_CAN1_TX_IRQHandler                0x0800015f   Thumb Code     0  startup_stm32f10x_hd.o(.text)
    USB_LP_CAN1_RX0_IRQHandler               0x0800015f   Thumb Code     0  startup_stm32f10x_hd.o(.text)
    WWDG_IRQHandler                          0x0800015f   Thumb Code     0  startup_stm32f10x_hd.o(.text)
    __aeabi_memcpy                           0x08000169   Thumb Code    36  memcpya.o(.text)
    __aeabi_memcpy4                          0x08000169   Thumb Code     0  memcpya.o(.text)
    __aeabi_memcpy8                          0x08000169   Thumb Code     0  memcpya.o(.text)
    __aeabi_dmul                             0x0800018d   Thumb Code   228  dmul.o(.text)
    __aeabi_ui2f                             0x08000271   Thumb Code    10  ffltui.o(.text)
    __aeabi_f2d                              0x0800027b   Thumb Code    38  f2d.o(.text)
    __aeabi_d2f                              0x080002a1   Thumb Code    56  d2f.o(.text)
    __aeabi_uidiv                            0x080002d9   Thumb Code     0  uidiv.o(.text)
    __aeabi_uidivmod                         0x080002d9   Thumb Code    44  uidiv.o(.text)
    __aeabi_uldivmod                         0x08000305   Thumb Code    98  uldiv.o(.text)
    __I$use$fp                               0x08000367   Thumb Code     0  iusefp.o(.text)
    _float_round                             0x08000367   Thumb Code    18  fepilogue.o(.text)
    _float_epilogue                          0x08000379   Thumb Code    92  fepilogue.o(.text)
    _double_round                            0x080003d5   Thumb Code    30  depilogue.o(.text)
    _double_epilogue                         0x080003f3   Thumb Code   156  depilogue.o(.text)
    __aeabi_dadd                             0x0800048f   Thumb Code   322  dadd.o(.text)
    __aeabi_dsub                             0x080005d1   Thumb Code     6  dadd.o(.text)
    __aeabi_drsub                            0x080005d7   Thumb Code     6  dadd.o(.text)
    __aeabi_ddiv                             0x080005dd   Thumb Code   222  ddiv.o(.text)
    __aeabi_d2ulz                            0x080006bb   Thumb Code    48  dfixul.o(.text)
    __aeabi_cdrcmple                         0x080006ed   Thumb Code    48  cdrcmple.o(.text)
    __scatterload                            0x0800071d   Thumb Code    28  init.o(.text)
    __scatterload_rt2                        0x0800071d   Thumb Code     0  init.o(.text)
    __aeabi_llsl                             0x08000741   Thumb Code    30  llshl.o(.text)
    _ll_shift_l                              0x08000741   Thumb Code     0  llshl.o(.text)
    __aeabi_llsr                             0x0800075f   Thumb Code    32  llushr.o(.text)
    _ll_ushift_r                             0x0800075f   Thumb Code     0  llushr.o(.text)
    __aeabi_lasr                             0x0800077f   Thumb Code    36  llsshr.o(.text)
    _ll_sshift_r                             0x0800077f   Thumb Code     0  llsshr.o(.text)
    __decompress                             0x080007a3   Thumb Code     0  __dczerorl2.o(.text)
    __decompress1                            0x080007a3   Thumb Code    86  __dczerorl2.o(.text)
    ADC_Cmd                                  0x080007f9   Thumb Code    22  stm32f10x_adc.o(i.ADC_Cmd)
    ADC_GetCalibrationStatus                 0x0800080f   Thumb Code    20  stm32f10x_adc.o(i.ADC_GetCalibrationStatus)
    ADC_GetConversionValue                   0x08000823   Thumb Code     8  stm32f10x_adc.o(i.ADC_GetConversionValue)
    ADC_GetFlagStatus                        0x0800082b   Thumb Code    18  stm32f10x_adc.o(i.ADC_GetFlagStatus)
    ADC_Init                                 0x0800083d   Thumb Code    70  stm32f10x_adc.o(i.ADC_Init)
    ADC_RegularChannelConfig                 0x0800088d   Thumb Code   184  stm32f10x_adc.o(i.ADC_RegularChannelConfig)
    ADC_ResetCalibration                     0x08000945   Thumb Code    10  stm32f10x_adc.o(i.ADC_ResetCalibration)
    ADC_SoftwareStartConvCmd                 0x0800094f   Thumb Code    22  stm32f10x_adc.o(i.ADC_SoftwareStartConvCmd)
    ADC_StartCalibration                     0x08000965   Thumb Code    10  stm32f10x_adc.o(i.ADC_StartCalibration)
    ADCx_Init                                0x08000971   Thumb Code   140  dev_adc.o(i.ADCx_Init)
    API_timer_TimerCounter                   0x08000a05   Thumb Code    58  timer.o(i.API_timer_TimerCounter)
    API_timer_number_counter                 0x08000a69   Thumb Code    56  timer.o(i.API_timer_number_counter)
    Button_Init                              0x08000ab1   Thumb Code    70  dev_button.o(i.Button_Init)
    Clear_DataFlow                           0x08000b15   Thumb Code    34  stdio_user.o(i.Clear_DataFlow)
    Cmd_Executer                             0x08000b39   Thumb Code    56  translater.o(i.Cmd_Executer)
    Cmd_Option_Analize                       0x08000bc1   Thumb Code    62  translater.o(i.Cmd_Option_Analize)
    Cmd_Order_Analize                        0x08000c45   Thumb Code    42  translater.o(i.Cmd_Order_Analize)
    Cmd_Sum_Analize                          0x08000c8d   Thumb Code    62  translater.o(i.Cmd_Sum_Analize)
    GPIO_Init                                0x08000ccb   Thumb Code   278  stm32f10x_gpio.o(i.GPIO_Init)
    GPIO_ResetBits                           0x08000de1   Thumb Code     4  stm32f10x_gpio.o(i.GPIO_ResetBits)
    GPIO_SetBits                             0x08000de5   Thumb Code     4  stm32f10x_gpio.o(i.GPIO_SetBits)
    GPIO_Write                               0x08000de9   Thumb Code     4  stm32f10x_gpio.o(i.GPIO_Write)
    Get_ADC_Value                            0x08000ded   Thumb Code    80  dev_adc.o(i.Get_ADC_Value)
    Load_Data                                0x08000e41   Thumb Code    42  stdio_user.o(i.Load_Data)
    NIXIE_GPIO_Config                        0x08000e6d   Thumb Code    40  nixie.o(i.NIXIE_GPIO_Config)
    NVIC_Init                                0x08000e99   Thumb Code   100  misc.o(i.NVIC_Init)
    NVIC_PriorityGroupConfig                 0x08000f09   Thumb Code    10  misc.o(i.NVIC_PriorityGroupConfig)
    RCC_ADCCLKConfig                         0x08000f1d   Thumb Code    18  stm32f10x_rcc.o(i.RCC_ADCCLKConfig)
    RCC_APB1PeriphClockCmd                   0x08000f35   Thumb Code    26  stm32f10x_rcc.o(i.RCC_APB1PeriphClockCmd)
    RCC_APB1PeriphResetCmd                   0x08000f55   Thumb Code    26  stm32f10x_rcc.o(i.RCC_APB1PeriphResetCmd)
    RCC_APB2PeriphClockCmd                   0x08000f75   Thumb Code    26  stm32f10x_rcc.o(i.RCC_APB2PeriphClockCmd)
    RCC_APB2PeriphResetCmd                   0x08000f95   Thumb Code    26  stm32f10x_rcc.o(i.RCC_APB2PeriphResetCmd)
    RCC_DeInit                               0x08000fb5   Thumb Code    64  stm32f10x_rcc.o(i.RCC_DeInit)
    RCC_GetClocksFreq                        0x08001001   Thumb Code   192  stm32f10x_rcc.o(i.RCC_GetClocksFreq)
    RCC_GetFlagStatus                        0x080010d5   Thumb Code    56  stm32f10x_rcc.o(i.RCC_GetFlagStatus)
    RCC_GetSYSCLKSource                      0x08001111   Thumb Code    10  stm32f10x_rcc.o(i.RCC_GetSYSCLKSource)
    RCC_HCLKConfig                           0x08001121   Thumb Code    18  stm32f10x_rcc.o(i.RCC_HCLKConfig)
    RCC_HSEConfig                            0x08001139   Thumb Code    70  stm32f10x_rcc.o(i.RCC_HSEConfig)
    RCC_Init_Function                        0x08001185   Thumb Code    94  main.o(i.RCC_Init_Function)
    RCC_PCLK1Config                          0x080011e5   Thumb Code    18  stm32f10x_rcc.o(i.RCC_PCLK1Config)
    RCC_PCLK2Config                          0x080011fd   Thumb Code    20  stm32f10x_rcc.o(i.RCC_PCLK2Config)
    RCC_PLLCmd                               0x08001215   Thumb Code     6  stm32f10x_rcc.o(i.RCC_PLLCmd)
    RCC_PLLConfig                            0x08001221   Thumb Code    24  stm32f10x_rcc.o(i.RCC_PLLConfig)
    RCC_SYSCLKConfig                         0x0800123d   Thumb Code    18  stm32f10x_rcc.o(i.RCC_SYSCLKConfig)
    Stdio_Buffer_Init                        0x0800133d   Thumb Code    16  stdio_user.o(i.Stdio_Buffer_Init)
    SysTick_CLKSourceConfig                  0x08001351   Thumb Code    40  misc.o(i.SysTick_CLKSourceConfig)
    SysTick_Handler                          0x08001379   Thumb Code    18  mysys.o(i.SysTick_Handler)
    SystemInit                               0x08001391   Thumb Code    78  system_stm32f10x.o(i.SystemInit)
    TIM3_Break_CallBack                      0x080013f1   Thumb Code    12  timer.o(i.TIM3_Break_CallBack)
    TIM3_IRQHandler                          0x08001401   Thumb Code    18  break_service_timer.o(i.TIM3_IRQHandler)
    TIM3_Init                                0x0800141d   Thumb Code   106  break_service_timer.o(i.TIM3_Init)
    TIM3_disable                             0x0800148d   Thumb Code    22  break_service_timer.o(i.TIM3_disable)
    TIM3_enable                              0x080014a9   Thumb Code    22  break_service_timer.o(i.TIM3_enable)
    TIMER3_Haddpen_Service                   0x080014c5   Thumb Code    22  break_service_timer.o(i.TIMER3_Haddpen_Service)
    TIM_ClearFlag                            0x080014e1   Thumb Code     6  stm32f10x_tim.o(i.TIM_ClearFlag)
    TIM_Cmd                                  0x080014e7   Thumb Code    24  stm32f10x_tim.o(i.TIM_Cmd)
    TIM_DeInit                               0x08001501   Thumb Code   424  stm32f10x_tim.o(i.TIM_DeInit)
    TIM_ITConfig                             0x080016e9   Thumb Code    18  stm32f10x_tim.o(i.TIM_ITConfig)
    TIM_TimeBaseInit                         0x080016fd   Thumb Code   122  stm32f10x_tim.o(i.TIM_TimeBaseInit)
    Trans_Init                               0x080017a1   Thumb Code    44  translater.o(i.Trans_Init)
    USART1_IRQHandler                        0x08001811   Thumb Code    36  break_service_uart.o(i.USART1_IRQHandler)
    USART1_Init_Function                     0x0800183d   Thumb Code   170  uart_send.o(i.USART1_Init_Function)
    USART1_Read_Init                         0x080018f1   Thumb Code    38  break_service_uart.o(i.USART1_Read_Init)
    USART1_Receive_Service                   0x08001965   Thumb Code   100  break_service_uart.o(i.USART1_Receive_Service)
    USART_CallBack_race                      0x080019e9   Thumb Code   176  race_counter.o(i.USART_CallBack_race)
    USART_CallBack_userdef                   0x08001b25   Thumb Code    76  main.o(i.USART_CallBack_userdef)
    USART_ClearFlag                          0x08001bb5   Thumb Code    18  stm32f10x_usart.o(i.USART_ClearFlag)
    USART_Cmd                                0x08001bc7   Thumb Code    24  stm32f10x_usart.o(i.USART_Cmd)
    USART_GetFlagStatus                      0x08001bdf   Thumb Code    26  stm32f10x_usart.o(i.USART_GetFlagStatus)
    USART_ITConfig                           0x08001bf9   Thumb Code    74  stm32f10x_usart.o(i.USART_ITConfig)
    USART_Init                               0x08001c45   Thumb Code   210  stm32f10x_usart.o(i.USART_Init)
    USART_ReceiveData                        0x08001d1d   Thumb Code    10  stm32f10x_usart.o(i.USART_ReceiveData)
    USART_SendData                           0x08001d27   Thumb Code     8  stm32f10x_usart.o(i.USART_SendData)
    __0printf                                0x08001d31   Thumb Code    22  printfa.o(i.__0printf)
    __1printf                                0x08001d31   Thumb Code     0  printfa.o(i.__0printf)
    __2printf                                0x08001d31   Thumb Code     0  printfa.o(i.__0printf)
    __c89printf                              0x08001d31   Thumb Code     0  printfa.o(i.__0printf)
    printf                                   0x08001d31   Thumb Code     0  printfa.o(i.__0printf)
    __scatterload_copy                       0x08001d51   Thumb Code    14  handlers.o(i.__scatterload_copy)
    __scatterload_null                       0x08001d5f   Thumb Code     2  handlers.o(i.__scatterload_null)
    __scatterload_zeroinit                   0x08001d61   Thumb Code    14  handlers.o(i.__scatterload_zeroinit)
    analizeData                              0x08002625   Thumb Code    58  dev_button.o(i.analizeData)
    button_action_Executer                   0x08002665   Thumb Code   158  dev_button.o(i.button_action_Executer)
    button_edge_Executer                     0x08002709   Thumb Code   142  dev_button.o(i.button_edge_Executer)
    classfy_button1_event                    0x0800279d   Thumb Code    52  dev_button.o(i.classfy_button1_event)
    classfy_button2_event                    0x080027d5   Thumb Code    52  dev_button.o(i.classfy_button2_event)
    cmd_adc_transform                        0x08002849   Thumb Code   146  cmd_adc.o(i.cmd_adc_transform)
    cmd_timer_counter                        0x08002975   Thumb Code    32  cmd_timer.o(i.cmd_timer_counter)
    counter_main                             0x080029b5   Thumb Code   218  race_counter.o(i.counter_main)
    delay_init                               0x08002b09   Thumb Code    50  mysys.o(i.delay_init)
    delay_ms                                 0x08002b4d   Thumb Code    72  mysys.o(i.delay_ms)
    display_nixie                            0x08002b99   Thumb Code    30  nixie.o(i.display_nixie)
    fputc                                    0x08002bc1   Thumb Code    32  stdio_user.o(i.fputc)
    get_StdioBuffer                          0x08002be5   Thumb Code     4  stdio_user.o(i.get_StdioBuffer)
    get_String_Data                          0x08002bed   Thumb Code     2  stdio_user.o(i.get_String_Data)
    get_Word                                 0x08002bef   Thumb Code    54  stdio_user.o(i.get_Word)
    get_char                                 0x08002c25   Thumb Code    26  stdio_user.o(i.get_char)
    leds_init                                0x08002c41   Thumb Code   100  dev_led.o(i.leds_init)
    leds_off                                 0x08002cb1   Thumb Code    32  dev_led.o(i.leds_off)
    main                                     0x08002cdd   Thumb Code   108  main.o(i.main)
    timer_mune_USART_CallBack                0x08002d59   Thumb Code   150  timer.o(i.timer_mune_USART_CallBack)
    timer_start                              0x08002e59   Thumb Code   402  timer.o(i.timer_start)
    unget_Char                               0x0800303d   Thumb Code    34  stdio_user.o(i.unget_Char)
    ustrcmp                                  0x0800305f   Thumb Code    36  stdio_user.o(i.ustrcmp)
    ustrcpy                                  0x08003083   Thumb Code    22  stdio_user.o(i.ustrcpy)
    Region$$Table$$Base                      0x080031b4   Number         0  anon$$obj.o(Region$$Table)
    Region$$Table$$Limit                     0x080031d4   Number         0  anon$$obj.o(Region$$Table)
    SystemCoreClock                          0x20000000   Data           4  system_stm32f10x.o(.data)
    AHBPrescTable                            0x20000004   Data          16  system_stm32f10x.o(.data)
    sys_count                                0x200000ec   Data           4  mysys.o(.data)
    digit_table                              0x200000f0   Data          20  nixie.o(.data)
    __stdout                                 0x20000224   Data           4  stdout.o(.data)
    __initial_sp                             0x20000758   Data           0  startup_stm32f10x_hd.o(STACK)



==============================================================================

Memory Map of the image

  Image Entry point : 0x08000131

  Load Region LR_IROM1 (Base: 0x08000000, Size: 0x000033fc, Max: 0x00080000, ABSOLUTE, COMPRESSED[0x000032a4])

    Execution Region ER_IROM1 (Exec base: 0x08000000, Load base: 0x08000000, Size: 0x000031d4, Max: 0x00080000, ABSOLUTE)

    Exec Addr    Load Addr    Size         Type   Attr      Idx    E Section Name        Object

    0x08000000   0x08000000   0x00000130   Data   RO         3400    RESET               startup_stm32f10x_hd.o
    0x08000130   0x08000130   0x00000000   Code   RO         4329  * .ARM.Collect$$$$00000000  mc_w.l(entry.o)
    0x08000130   0x08000130   0x00000004   Code   RO         4605    .ARM.Collect$$$$00000001  mc_w.l(entry2.o)
    0x08000134   0x08000134   0x00000004   Code   RO         4608    .ARM.Collect$$$$00000004  mc_w.l(entry5.o)
    0x08000138   0x08000138   0x00000000   Code   RO         4610    .ARM.Collect$$$$00000008  mc_w.l(entry7b.o)
    0x08000138   0x08000138   0x00000000   Code   RO         4612    .ARM.Collect$$$$0000000A  mc_w.l(entry8b.o)
    0x08000138   0x08000138   0x00000008   Code   RO         4613    .ARM.Collect$$$$0000000B  mc_w.l(entry9a.o)
    0x08000140   0x08000140   0x00000000   Code   RO         4615    .ARM.Collect$$$$0000000D  mc_w.l(entry10a.o)
    0x08000140   0x08000140   0x00000000   Code   RO         4617    .ARM.Collect$$$$0000000F  mc_w.l(entry11a.o)
    0x08000140   0x08000140   0x00000004   Code   RO         4606    .ARM.Collect$$$$00002712  mc_w.l(entry2.o)
    0x08000144   0x08000144   0x00000024   Code   RO         3401    .text               startup_stm32f10x_hd.o
    0x08000168   0x08000168   0x00000024   Code   RO         4332    .text               mc_w.l(memcpya.o)
    0x0800018c   0x0800018c   0x000000e4   Code   RO         4597    .text               mf_w.l(dmul.o)
    0x08000270   0x08000270   0x0000000a   Code   RO         4599    .text               mf_w.l(ffltui.o)
    0x0800027a   0x0800027a   0x00000026   Code   RO         4601    .text               mf_w.l(f2d.o)
    0x080002a0   0x080002a0   0x00000038   Code   RO         4603    .text               mf_w.l(d2f.o)
    0x080002d8   0x080002d8   0x0000002c   Code   RO         4620    .text               mc_w.l(uidiv.o)
    0x08000304   0x08000304   0x00000062   Code   RO         4622    .text               mc_w.l(uldiv.o)
    0x08000366   0x08000366   0x00000000   Code   RO         4624    .text               mc_w.l(iusefp.o)
    0x08000366   0x08000366   0x0000006e   Code   RO         4625    .text               mf_w.l(fepilogue.o)
    0x080003d4   0x080003d4   0x000000ba   Code   RO         4627    .text               mf_w.l(depilogue.o)
    0x0800048e   0x0800048e   0x0000014e   Code   RO         4629    .text               mf_w.l(dadd.o)
    0x080005dc   0x080005dc   0x000000de   Code   RO         4631    .text               mf_w.l(ddiv.o)
    0x080006ba   0x080006ba   0x00000030   Code   RO         4633    .text               mf_w.l(dfixul.o)
    0x080006ea   0x080006ea   0x00000002   PAD
    0x080006ec   0x080006ec   0x00000030   Code   RO         4635    .text               mf_w.l(cdrcmple.o)
    0x0800071c   0x0800071c   0x00000024   Code   RO         4637    .text               mc_w.l(init.o)
    0x08000740   0x08000740   0x0000001e   Code   RO         4639    .text               mc_w.l(llshl.o)
    0x0800075e   0x0800075e   0x00000020   Code   RO         4641    .text               mc_w.l(llushr.o)
    0x0800077e   0x0800077e   0x00000024   Code   RO         4643    .text               mc_w.l(llsshr.o)
    0x080007a2   0x080007a2   0x00000056   Code   RO         4653    .text               mc_w.l(__dczerorl2.o)
    0x080007f8   0x080007f8   0x00000016   Code   RO          212    i.ADC_Cmd           stm32f10x_adc.o
    0x0800080e   0x0800080e   0x00000014   Code   RO          220    i.ADC_GetCalibrationStatus  stm32f10x_adc.o
    0x08000822   0x08000822   0x00000008   Code   RO          221    i.ADC_GetConversionValue  stm32f10x_adc.o
    0x0800082a   0x0800082a   0x00000012   Code   RO          223    i.ADC_GetFlagStatus  stm32f10x_adc.o
    0x0800083c   0x0800083c   0x00000050   Code   RO          230    i.ADC_Init          stm32f10x_adc.o
    0x0800088c   0x0800088c   0x000000b8   Code   RO          234    i.ADC_RegularChannelConfig  stm32f10x_adc.o
    0x08000944   0x08000944   0x0000000a   Code   RO          235    i.ADC_ResetCalibration  stm32f10x_adc.o
    0x0800094e   0x0800094e   0x00000016   Code   RO          237    i.ADC_SoftwareStartConvCmd  stm32f10x_adc.o
    0x08000964   0x08000964   0x0000000a   Code   RO          239    i.ADC_StartCalibration  stm32f10x_adc.o
    0x0800096e   0x0800096e   0x00000002   PAD
    0x08000970   0x08000970   0x00000094   Code   RO         3721    i.ADCx_Init         dev_adc.o
    0x08000a04   0x08000a04   0x00000064   Code   RO         4106    i.API_timer_TimerCounter  timer.o
    0x08000a68   0x08000a68   0x00000048   Code   RO         4107    i.API_timer_number_counter  timer.o
    0x08000ab0   0x08000ab0   0x00000064   Code   RO         3821    i.Button_Init       dev_button.o
    0x08000b14   0x08000b14   0x00000022   Code   RO         3601    i.Clear_DataFlow    stdio_user.o
    0x08000b36   0x08000b36   0x00000002   PAD
    0x08000b38   0x08000b38   0x0000003c   Code   RO         4195    i.Cmd_Executer      translater.o
    0x08000b74   0x08000b74   0x0000004c   Code   RO         4196    i.Cmd_List_Init     translater.o
    0x08000bc0   0x08000bc0   0x00000084   Code   RO         4197    i.Cmd_Option_Analize  translater.o
    0x08000c44   0x08000c44   0x00000048   Code   RO         4198    i.Cmd_Order_Analize  translater.o
    0x08000c8c   0x08000c8c   0x0000003e   Code   RO         4200    i.Cmd_Sum_Analize   translater.o
    0x08000cca   0x08000cca   0x00000116   Code   RO         1453    i.GPIO_Init         stm32f10x_gpio.o
    0x08000de0   0x08000de0   0x00000004   Code   RO         1460    i.GPIO_ResetBits    stm32f10x_gpio.o
    0x08000de4   0x08000de4   0x00000004   Code   RO         1461    i.GPIO_SetBits      stm32f10x_gpio.o
    0x08000de8   0x08000de8   0x00000004   Code   RO         1463    i.GPIO_Write        stm32f10x_gpio.o
    0x08000dec   0x08000dec   0x00000054   Code   RO         3722    i.Get_ADC_Value     dev_adc.o
    0x08000e40   0x08000e40   0x0000002a   Code   RO         3603    i.Load_Data         stdio_user.o
    0x08000e6a   0x08000e6a   0x00000002   PAD
    0x08000e6c   0x08000e6c   0x0000002c   Code   RO         3755    i.NIXIE_GPIO_Config  nixie.o
    0x08000e98   0x08000e98   0x00000070   Code   RO          154    i.NVIC_Init         misc.o
    0x08000f08   0x08000f08   0x00000014   Code   RO          155    i.NVIC_PriorityGroupConfig  misc.o
    0x08000f1c   0x08000f1c   0x00000018   Code   RO         1915    i.RCC_ADCCLKConfig  stm32f10x_rcc.o
    0x08000f34   0x08000f34   0x00000020   Code   RO         1917    i.RCC_APB1PeriphClockCmd  stm32f10x_rcc.o
    0x08000f54   0x08000f54   0x00000020   Code   RO         1918    i.RCC_APB1PeriphResetCmd  stm32f10x_rcc.o
    0x08000f74   0x08000f74   0x00000020   Code   RO         1919    i.RCC_APB2PeriphClockCmd  stm32f10x_rcc.o
    0x08000f94   0x08000f94   0x00000020   Code   RO         1920    i.RCC_APB2PeriphResetCmd  stm32f10x_rcc.o
    0x08000fb4   0x08000fb4   0x0000004c   Code   RO         1926    i.RCC_DeInit        stm32f10x_rcc.o
    0x08001000   0x08001000   0x000000d4   Code   RO         1927    i.RCC_GetClocksFreq  stm32f10x_rcc.o
    0x080010d4   0x080010d4   0x0000003c   Code   RO         1928    i.RCC_GetFlagStatus  stm32f10x_rcc.o
    0x08001110   0x08001110   0x00000010   Code   RO         1930    i.RCC_GetSYSCLKSource  stm32f10x_rcc.o
    0x08001120   0x08001120   0x00000018   Code   RO         1931    i.RCC_HCLKConfig    stm32f10x_rcc.o
    0x08001138   0x08001138   0x0000004c   Code   RO         1932    i.RCC_HSEConfig     stm32f10x_rcc.o
    0x08001184   0x08001184   0x0000005e   Code   RO         3408    i.RCC_Init_Function  main.o
    0x080011e2   0x080011e2   0x00000002   PAD
    0x080011e4   0x080011e4   0x00000018   Code   RO         1938    i.RCC_PCLK1Config   stm32f10x_rcc.o
    0x080011fc   0x080011fc   0x00000018   Code   RO         1939    i.RCC_PCLK2Config   stm32f10x_rcc.o
    0x08001214   0x08001214   0x0000000c   Code   RO         1940    i.RCC_PLLCmd        stm32f10x_rcc.o
    0x08001220   0x08001220   0x0000001c   Code   RO         1941    i.RCC_PLLConfig     stm32f10x_rcc.o
    0x0800123c   0x0800123c   0x00000018   Code   RO         1944    i.RCC_SYSCLKConfig  stm32f10x_rcc.o
    0x08001254   0x08001254   0x00000008   Code   RO           20    i.SetSysClock       system_stm32f10x.o
    0x0800125c   0x0800125c   0x000000e0   Code   RO           21    i.SetSysClockTo72   system_stm32f10x.o
    0x0800133c   0x0800133c   0x00000014   Code   RO         3606    i.Stdio_Buffer_Init  stdio_user.o
    0x08001350   0x08001350   0x00000028   Code   RO          158    i.SysTick_CLKSourceConfig  misc.o
    0x08001378   0x08001378   0x00000018   Code   RO         3534    i.SysTick_Handler   mysys.o
    0x08001390   0x08001390   0x00000060   Code   RO           23    i.SystemInit        system_stm32f10x.o
    0x080013f0   0x080013f0   0x00000010   Code   RO         4108    i.TIM3_Break_CallBack  timer.o
    0x08001400   0x08001400   0x0000001c   Code   RO         4019    i.TIM3_IRQHandler   break_service_timer.o
    0x0800141c   0x0800141c   0x00000070   Code   RO         4020    i.TIM3_Init         break_service_timer.o
    0x0800148c   0x0800148c   0x0000001c   Code   RO         4021    i.TIM3_disable      break_service_timer.o
    0x080014a8   0x080014a8   0x0000001c   Code   RO         4022    i.TIM3_enable       break_service_timer.o
    0x080014c4   0x080014c4   0x0000001c   Code   RO         4023    i.TIMER3_Haddpen_Service  break_service_timer.o
    0x080014e0   0x080014e0   0x00000006   Code   RO         2593    i.TIM_ClearFlag     stm32f10x_tim.o
    0x080014e6   0x080014e6   0x00000018   Code   RO         2599    i.TIM_Cmd           stm32f10x_tim.o
    0x080014fe   0x080014fe   0x00000002   PAD
    0x08001500   0x08001500   0x000001e8   Code   RO         2604    i.TIM_DeInit        stm32f10x_tim.o
    0x080016e8   0x080016e8   0x00000012   Code   RO         2624    i.TIM_ITConfig      stm32f10x_tim.o
    0x080016fa   0x080016fa   0x00000002   PAD
    0x080016fc   0x080016fc   0x000000a4   Code   RO         2670    i.TIM_TimeBaseInit  stm32f10x_tim.o
    0x080017a0   0x080017a0   0x00000070   Code   RO         4201    i.Trans_Init        translater.o
    0x08001810   0x08001810   0x0000002c   Code   RO         3976    i.USART1_IRQHandler  break_service_uart.o
    0x0800183c   0x0800183c   0x000000b4   Code   RO         3797    i.USART1_Init_Function  uart_send.o
    0x080018f0   0x080018f0   0x00000074   Code   RO         3977    i.USART1_Read_Init  break_service_uart.o
    0x08001964   0x08001964   0x00000084   Code   RO         3978    i.USART1_Receive_Service  break_service_uart.o
    0x080019e8   0x080019e8   0x0000013c   Code   RO         4069    i.USART_CallBack_race  race_counter.o
    0x08001b24   0x08001b24   0x00000090   Code   RO         3409    i.USART_CallBack_userdef  main.o
    0x08001bb4   0x08001bb4   0x00000012   Code   RO         3143    i.USART_ClearFlag   stm32f10x_usart.o
    0x08001bc6   0x08001bc6   0x00000018   Code   RO         3147    i.USART_Cmd         stm32f10x_usart.o
    0x08001bde   0x08001bde   0x0000001a   Code   RO         3150    i.USART_GetFlagStatus  stm32f10x_usart.o
    0x08001bf8   0x08001bf8   0x0000004a   Code   RO         3153    i.USART_ITConfig    stm32f10x_usart.o
    0x08001c42   0x08001c42   0x00000002   PAD
    0x08001c44   0x08001c44   0x000000d8   Code   RO         3154    i.USART_Init        stm32f10x_usart.o
    0x08001d1c   0x08001d1c   0x0000000a   Code   RO         3161    i.USART_ReceiveData  stm32f10x_usart.o
    0x08001d26   0x08001d26   0x00000008   Code   RO         3164    i.USART_SendData    stm32f10x_usart.o
    0x08001d2e   0x08001d2e   0x00000002   PAD
    0x08001d30   0x08001d30   0x00000020   Code   RO         4569    i.__0printf         mc_w.l(printfa.o)
    0x08001d50   0x08001d50   0x0000000e   Code   RO         4647    i.__scatterload_copy  mc_w.l(handlers.o)
    0x08001d5e   0x08001d5e   0x00000002   Code   RO         4648    i.__scatterload_null  mc_w.l(handlers.o)
    0x08001d60   0x08001d60   0x0000000e   Code   RO         4649    i.__scatterload_zeroinit  mc_w.l(handlers.o)
    0x08001d6e   0x08001d6e   0x00000002   PAD
    0x08001d70   0x08001d70   0x00000184   Code   RO         4576    i._fp_digits        mc_w.l(printfa.o)
    0x08001ef4   0x08001ef4   0x000006dc   Code   RO         4577    i._printf_core      mc_w.l(printfa.o)
    0x080025d0   0x080025d0   0x00000024   Code   RO         4578    i._printf_post_padding  mc_w.l(printfa.o)
    0x080025f4   0x080025f4   0x0000002e   Code   RO         4579    i._printf_pre_padding  mc_w.l(printfa.o)
    0x08002622   0x08002622   0x00000002   PAD
    0x08002624   0x08002624   0x00000040   Code   RO         3822    i.analizeData       dev_button.o
    0x08002664   0x08002664   0x000000a4   Code   RO         3823    i.button_action_Executer  dev_button.o
    0x08002708   0x08002708   0x00000094   Code   RO         3824    i.button_edge_Executer  dev_button.o
    0x0800279c   0x0800279c   0x00000038   Code   RO         3825    i.classfy_button1_event  dev_button.o
    0x080027d4   0x080027d4   0x00000038   Code   RO         3826    i.classfy_button2_event  dev_button.o
    0x0800280c   0x0800280c   0x0000003c   Code   RO         4202    i.cmd_adc_test      translater.o
    0x08002848   0x08002848   0x000000f0   Code   RO         4162    i.cmd_adc_transform  cmd_adc.o
    0x08002938   0x08002938   0x0000000c   Code   RO         4203    i.cmd_race_cmdMode  translater.o
    0x08002944   0x08002944   0x00000030   Code   RO         4204    i.cmd_send_pc       translater.o
    0x08002974   0x08002974   0x00000034   Code   RO         4298    i.cmd_timer_counter  cmd_timer.o
    0x080029a8   0x080029a8   0x0000000a   Code   RO         4205    i.cmd_timer_sec     translater.o
    0x080029b2   0x080029b2   0x00000002   PAD
    0x080029b4   0x080029b4   0x00000154   Code   RO         4070    i.counter_main      race_counter.o
    0x08002b08   0x08002b08   0x00000044   Code   RO         3536    i.delay_init        mysys.o
    0x08002b4c   0x08002b4c   0x0000004c   Code   RO         3537    i.delay_ms          mysys.o
    0x08002b98   0x08002b98   0x00000028   Code   RO         3757    i.display_nixie     nixie.o
    0x08002bc0   0x08002bc0   0x00000024   Code   RO         3608    i.fputc             stdio_user.o
    0x08002be4   0x08002be4   0x00000008   Code   RO         3609    i.get_StdioBuffer   stdio_user.o
    0x08002bec   0x08002bec   0x00000002   Code   RO         3610    i.get_String_Data   stdio_user.o
    0x08002bee   0x08002bee   0x00000036   Code   RO         3611    i.get_Word          stdio_user.o
    0x08002c24   0x08002c24   0x0000001a   Code   RO         3612    i.get_char          stdio_user.o
    0x08002c3e   0x08002c3e   0x00000002   PAD
    0x08002c40   0x08002c40   0x00000070   Code   RO         3922    i.leds_init         dev_led.o
    0x08002cb0   0x08002cb0   0x0000002c   Code   RO         3923    i.leds_off          dev_led.o
    0x08002cdc   0x08002cdc   0x0000007c   Code   RO         3414    i.main              main.o
    0x08002d58   0x08002d58   0x00000100   Code   RO         4109    i.timer_mune_USART_CallBack  timer.o
    0x08002e58   0x08002e58   0x000001e4   Code   RO         4110    i.timer_start       timer.o
    0x0800303c   0x0800303c   0x00000022   Code   RO         3613    i.unget_Char        stdio_user.o
    0x0800305e   0x0800305e   0x00000024   Code   RO         3614    i.ustrcmp           stdio_user.o
    0x08003082   0x08003082   0x00000016   Code   RO         3615    i.ustrcpy           stdio_user.o
    0x08003098   0x08003098   0x00000040   Data   RO         4207    .constdata          translater.o
    0x080030d8   0x080030d8   0x00000014   Data   RO         4300    .constdata          cmd_timer.o
    0x080030ec   0x080030ec   0x00000051   Data   RO         3417    .conststring        main.o
    0x0800313d   0x0800313d   0x00000003   PAD
    0x08003140   0x08003140   0x0000006b   Data   RO         4112    .conststring        timer.o
    0x080031ab   0x080031ab   0x00000001   PAD
    0x080031ac   0x080031ac   0x00000002   Data   RO         3418    .conststrlit        main.o
    0x080031ae   0x080031ae   0x00000002   PAD
    0x080031b0   0x080031b0   0x00000002   Data   RO         4209    .conststrlit        translater.o
    0x080031b2   0x080031b2   0x00000002   PAD
    0x080031b4   0x080031b4   0x00000020   Data   RO         4645    Region$$Table       anon$$obj.o


    Execution Region RW_IRAM1 (Exec base: 0x20000000, Load base: 0x080031d4, Size: 0x00000758, Max: 0x00010000, ABSOLUTE, COMPRESSED[0x000000d0])

    Exec Addr    Load Addr    Size         Type   Attr      Idx    E Section Name        Object

    0x20000000   COMPRESSED   0x00000014   Data   RW           24    .data               system_stm32f10x.o
    0x20000014   COMPRESSED   0x00000014   Data   RW         1947    .data               stm32f10x_rcc.o
    0x20000028   COMPRESSED   0x000000c0   Data   RW         3419    .data               main.o
    0x200000e8   COMPRESSED   0x00000008   Data   RW         3541    .data               mysys.o
    0x200000f0   COMPRESSED   0x00000014   Data   RW         3758    .data               nixie.o
    0x20000104   COMPRESSED   0x00000024   Data   RW         3828    .data               dev_button.o
    0x20000128   COMPRESSED   0x0000000c   Data   RW         3980    .data               break_service_uart.o
    0x20000134   COMPRESSED   0x00000004   Data   RW         4024    .data               break_service_timer.o
    0x20000138   COMPRESSED   0x00000014   Data   RW         4072    .data               race_counter.o
    0x2000014c   COMPRESSED   0x00000024   Data   RW         4113    .data               timer.o
    0x20000170   COMPRESSED   0x000000b4   Data   RW         4210    .data               translater.o
    0x20000224   COMPRESSED   0x00000004   Data   RW         4619    .data               mc_w.l(stdout.o)
    0x20000228        -       0x00000044   Zero   RW         3415    .bss                main.o
    0x2000026c        -       0x0000002c   Zero   RW         3617    .bss                stdio_user.o
    0x20000298        -       0x00000018   Zero   RW         3827    .bss                dev_button.o
    0x200002b0        -       0x00000044   Zero   RW         4071    .bss                race_counter.o
    0x200002f4        -       0x00000064   Zero   RW         4111    .bss                timer.o
    0x20000358        -       0x00000400   Zero   RW         3398    STACK               startup_stm32f10x_hd.o


==============================================================================

Image component sizes


      Code (inc. data)   RO Data    RW Data    ZI Data      Debug   Object Name

       224         34          0          4          0       3176   break_service_timer.o
       292        118          0         12          0       2132   break_service_uart.o
       240         94          0          0          0        736   cmd_adc.o
        52         20         20          0          0        668   cmd_timer.o
         0          0          0          0          0       4556   core_cm3.o
       232         12          0          0          0       1356   dev_adc.o
       588         72          0         36         24       5252   dev_button.o
       156         24          0          0          0       1067   dev_led.o
       362         84         83        192         68       6408   main.o
       172         22          0          0          0       2257   misc.o
       168         28          0          8          0       1794   mysys.o
        84         14          0         20          0       1926   nixie.o
       656        262          0         20         68       1829   race_counter.o
        36          8        304          0       1024        848   startup_stm32f10x_hd.o
       314         12          0          0         44       8496   stdio_user.o
       374         10          0          0          0       7769   stm32f10x_adc.o
       290          0          0          0          0       3777   stm32f10x_gpio.o
       728        110          0         20          0      12111   stm32f10x_rcc.o
       700        106          0          0          0       3901   stm32f10x_tim.o
       376          6          0          0          0       6255   stm32f10x_usart.o
       328         28          0         20          0     260053   system_stm32f10x.o
       928        250        107         36        100       4468   timer.o
       644        250         66        180          0       7895   translater.o
       180         10          0          0          0        727   uart_send.o

    ----------------------------------------------------------------------
      8144       1574        620        548       1328     349457   Object Totals
         0          0         32          0          0          0   (incl. Generated)
        20          0          8          0          0          0   (incl. Padding)

    ----------------------------------------------------------------------

      Code (inc. data)   RO Data    RW Data    ZI Data      Debug   Library Member Name

        86          0          0          0          0          0   __dczerorl2.o
         0          0          0          0          0          0   entry.o
         0          0          0          0          0          0   entry10a.o
         0          0          0          0          0          0   entry11a.o
         8          4          0          0          0          0   entry2.o
         4          0          0          0          0          0   entry5.o
         0          0          0          0          0          0   entry7b.o
         0          0          0          0          0          0   entry8b.o
         8          4          0          0          0          0   entry9a.o
        30          0          0          0          0          0   handlers.o
        36          8          0          0          0         68   init.o
         0          0          0          0          0          0   iusefp.o
        30          0          0          0          0         68   llshl.o
        36          0          0          0          0         68   llsshr.o
        32          0          0          0          0         68   llushr.o
        36          0          0          0          0         68   memcpya.o
      2258         90          0          0          0        452   printfa.o
         0          0          0          4          0          0   stdout.o
        44          0          0          0          0         80   uidiv.o
        98          0          0          0          0         92   uldiv.o
        48          0          0          0          0         68   cdrcmple.o
        56          0          0          0          0         88   d2f.o
       334          0          0          0          0        148   dadd.o
       222          0          0          0          0        100   ddiv.o
       186          0          0          0          0        176   depilogue.o
        48          0          0          0          0         68   dfixul.o
       228          0          0          0          0         96   dmul.o
        38          0          0          0          0         68   f2d.o
       110          0          0          0          0        168   fepilogue.o
        10          0          0          0          0         68   ffltui.o

    ----------------------------------------------------------------------
      3992        106          0          4          0       2012   Library Totals
         6          0          0          0          0          0   (incl. Padding)

    ----------------------------------------------------------------------

      Code (inc. data)   RO Data    RW Data    ZI Data      Debug   Library Name

      2706        106          0          4          0        964   mc_w.l
      1280          0          0          0          0       1048   mf_w.l

    ----------------------------------------------------------------------
      3992        106          0          4          0       2012   Library Totals

    ----------------------------------------------------------------------

==============================================================================


      Code (inc. data)   RO Data    RW Data    ZI Data      Debug   

     12136       1680        620        552       1328     345461   Grand Totals
     12136       1680        620        208       1328     345461   ELF Image Totals (compressed)
     12136       1680        620        208          0          0   ROM Totals

==============================================================================

    Total RO  Size (Code + RO Data)                12756 (  12.46kB)
    Total RW  Size (RW Data + ZI Data)              1880 (   1.84kB)
    Total ROM Size (Code + RO Data + RW Data)      12964 (  12.66kB)

==============================================================================

