<html>
<body>
<pre>
<h1>µVision Build Log</h1>
<h2>Tool Versions:</h2>
IDE-Version: ¦ÌVision V5.28.0.0
Copyright (C) 2019 ARM Ltd and ARM Germany GmbH. All rights reserved.
License Information: 1 1, 1, LIC=9WSKC-741E4-SBFEJ-UZQFB-WAZN9-YSDGX
 
Tool Versions:
Toolchain:       MDK-ARM Plus  Version: 5.28.0.0
Toolchain Path:  D:\App\developer\mdk\ARM\ARMCC\Bin
C Compiler:      Armcc.exe V5.06 update 6 (build 750)
Assembler:       Armasm.exe V5.06 update 6 (build 750)
Linker/Locator:  ArmLink.exe V5.06 update 6 (build 750)
Library Manager: ArmAr.exe V5.06 update 6 (build 750)
Hex Converter:   FromElf.exe V5.06 update 6 (build 750)
CPU DLL:         SARMCM3.DLL V5.28.0.0
Dialog DLL:      DARMSTM.DLL V1.68.0.0
Target DLL:      UL2CM3.DLL V1.162.16.0
Dialog DLL:      TCM.DLL V1.36.2.0
 
<h2>Project:</h2>
D:\source\mdk\stm32_develop_for_test.release_0_0_0 (5)\stm32_develop_for_test.release_0_0_0\PROJECT\Project\stm32_test.uvprojx
Project File Date:  06/07/2022

<h2>Output:</h2>
*** Using Compiler 'V5.06 update 6 (build 750)', folder: 'D:\App\developer\mdk\ARM\ARMCC\Bin'
Rebuild target 'Target 1'
compiling core_cm3.c...
compiling system_stm32f10x.c...
compiling misc.c...
compiling stm32f10x_adc.c...
compiling stm32f10x_bkp.c...
compiling stm32f10x_can.c...
compiling stm32f10x_cec.c...
compiling stm32f10x_crc.c...
compiling stm32f10x_dac.c...
compiling stm32f10x_dbgmcu.c...
compiling stm32f10x_dma.c...
compiling stm32f10x_exti.c...
compiling stm32f10x_flash.c...
compiling stm32f10x_fsmc.c...
compiling stm32f10x_gpio.c...
compiling stm32f10x_i2c.c...
compiling stm32f10x_iwdg.c...
compiling stm32f10x_pwr.c...
compiling stm32f10x_rcc.c...
compiling stm32f10x_rtc.c...
compiling stm32f10x_sdio.c...
compiling stm32f10x_spi.c...
compiling stm32f10x_usart.c...
compiling stm32f10x_tim.c...
assembling startup_stm32f10x_hd.s...
compiling stm32f10x_wwdg.c...
compiling MYSYS.C...
compiling main.c...
compiling stdio_user.c...
compiling dev_ADC.c...
compiling nixie.c...
compiling UART_Send.c...
compiling dev_key.c...
compiling dev_button.c...
..\DEVICE\sec\dev_button.c(82): warning:  #550-D: variable "event"  was set but never used
      button_event event = Other_event;
..\DEVICE\sec\dev_button.c(101): warning:  #550-D: variable "event"  was set but never used
      button_event event = Other_event;
..\DEVICE\sec\dev_button.c: 2 warnings, 0 errors
compiling dev_led.c...
compiling break_service_UART.c...
compiling break_service_Timer.c...
compiling race_counter.c...
compiling timer.c...
compiling cmd_ADC.c...
compiling Cmd_list.c...
compiling translater.c...
..\Translater\translater.c(51): warning:  #167-D: argument of type "const char *" is incompatible with parameter of type "char *"
        if (ustrcmp(tmpCall->name, order) >= 0) {
..\Translater\translater.c(70): warning:  #167-D: argument of type "const char *" is incompatible with parameter of type "char *"
        if (ustrcmp(tmpCall->name, option) >= 0) {
..\Translater\translater.c: 2 warnings, 0 errors
compiling cmd_timer.c...
linking...
Program Size: Code=12136 RO-data=620 RW-data=552 ZI-data=1328  
FromELF: creating hex file...
".\Objects\stm32_test.axf" - 0 Error(s), 4 Warning(s).

<h2>Software Packages used:</h2>

Package Vendor: Keil
                http://www.keil.com/pack/Keil.STM32F1xx_DFP.2.4.0.pack
                Keil.STM32F1xx_DFP.2.4.0
                STMicroelectronics STM32F1 Series Device Support, Drivers and Examples

<h2>Collection of Component include folders:</h2>
  .\RTE\_Target_1
  D:\AppData\mdkData\Keil\STM32F1xx_DFP\2.4.0\Device\Include

<h2>Collection of Component Files used:</h2>
Build Time Elapsed:  00:00:12
</pre>
</body>
</html>
